PH sdram NULL //fs1/homedrives/kjones/Classes/Archives_by_Class/CS401_Computer_Architecture/CS401_007_2014_Spring/Session_04_VGA_SDRAM_Lab/DUAL_PORT_SDRAM_AND_VGA_V3/dualporttst/XS_LIB/sdramcntl.vhd sub00/vhpl02 1392739771
EN test_dualport NULL //fs1/homedrives/kjones/Classes/Archives_by_Class/CS401_Computer_Architecture/CS401_007_2014_Spring/Session_04_VGA_SDRAM_Lab/DUAL_PORT_SDRAM_AND_VGA_V3/dualporttst/XSA/3S1000/test_dualport/test_dualport.vhd sub00/vhpl20 1392739789
AR vga vga_arch //fs1/homedrives/kjones/Classes/Archives_by_Class/CS401_Computer_Architecture/CS401_007_2014_Spring/Session_04_VGA_SDRAM_Lab/DUAL_PORT_SDRAM_AND_VGA_V3/dualporttst/XSA/XSA_LIB/vga.vhd sub00/vhpl09 1392739778
PB common common //fs1/homedrives/kjones/Classes/Archives_by_Class/CS401_Computer_Architecture/CS401_007_2014_Spring/Session_04_VGA_SDRAM_Lab/DUAL_PORT_SDRAM_AND_VGA_V3/dualporttst/XS_LIB/common.vhd sub00/vhpl01 1392739770
EN test_dualport_core NULL //fs1/homedrives/kjones/Classes/Archives_by_Class/CS401_Computer_Architecture/CS401_007_2014_Spring/Session_04_VGA_SDRAM_Lab/DUAL_PORT_SDRAM_AND_VGA_V3/dualporttst/XSA/XSA_LIB/test_dualport_core.vhd sub00/vhpl18 1392739787
PH vga_pckg NULL //fs1/homedrives/kjones/Classes/Archives_by_Class/CS401_Computer_Architecture/CS401_007_2014_Spring/Session_04_VGA_SDRAM_Lab/DUAL_PORT_SDRAM_AND_VGA_V3/dualporttst/XSA/XSA_LIB/vga.vhd sub00/vhpl07 1392739776
AR test_dualport arch //fs1/homedrives/kjones/Classes/Archives_by_Class/CS401_Computer_Architecture/CS401_007_2014_Spring/Session_04_VGA_SDRAM_Lab/DUAL_PORT_SDRAM_AND_VGA_V3/dualporttst/XSA/3S1000/test_dualport/test_dualport.vhd sub00/vhpl21 1392739790
AR test_dualport_core arch //fs1/homedrives/kjones/Classes/Archives_by_Class/CS401_Computer_Architecture/CS401_007_2014_Spring/Session_04_VGA_SDRAM_Lab/DUAL_PORT_SDRAM_AND_VGA_V3/dualporttst/XSA/XSA_LIB/test_dualport_core.vhd sub00/vhpl19 1392739788
EN dualport NULL //fs1/homedrives/kjones/Classes/Archives_by_Class/CS401_Computer_Architecture/CS401_007_2014_Spring/Session_04_VGA_SDRAM_Lab/DUAL_PORT_SDRAM_AND_VGA_V3/dualporttst/XS_LIB/sdramcntl.vhd sub00/vhpl05 1392739774
AR dualport arch //fs1/homedrives/kjones/Classes/Archives_by_Class/CS401_Computer_Architecture/CS401_007_2014_Spring/Session_04_VGA_SDRAM_Lab/DUAL_PORT_SDRAM_AND_VGA_V3/dualporttst/XS_LIB/sdramcntl.vhd sub00/vhpl06 1392739775
AR sdramcntl arch //fs1/homedrives/kjones/Classes/Archives_by_Class/CS401_Computer_Architecture/CS401_007_2014_Spring/Session_04_VGA_SDRAM_Lab/DUAL_PORT_SDRAM_AND_VGA_V3/dualporttst/XS_LIB/sdramcntl.vhd sub00/vhpl04 1392739773
EN vga NULL //fs1/homedrives/kjones/Classes/Archives_by_Class/CS401_Computer_Architecture/CS401_007_2014_Spring/Session_04_VGA_SDRAM_Lab/DUAL_PORT_SDRAM_AND_VGA_V3/dualporttst/XSA/XSA_LIB/vga.vhd sub00/vhpl08 1392739777
EN fifo_cc NULL //fs1/homedrives/kjones/Classes/Archives_by_Class/CS401_Computer_Architecture/CS401_007_2014_Spring/Session_04_VGA_SDRAM_Lab/DUAL_PORT_SDRAM_AND_VGA_V3/dualporttst/XSA/XSA_LIB/vga.vhd sub00/vhpl12 1392739781
EN sync NULL //fs1/homedrives/kjones/Classes/Archives_by_Class/CS401_Computer_Architecture/CS401_007_2014_Spring/Session_04_VGA_SDRAM_Lab/DUAL_PORT_SDRAM_AND_VGA_V3/dualporttst/XSA/XSA_LIB/vga.vhd sub00/vhpl10 1392739779
PH common NULL //fs1/homedrives/kjones/Classes/Archives_by_Class/CS401_Computer_Architecture/CS401_007_2014_Spring/Session_04_VGA_SDRAM_Lab/DUAL_PORT_SDRAM_AND_VGA_V3/dualporttst/XS_LIB/common.vhd sub00/vhpl00 1392739769
AR fifo_cc arch //fs1/homedrives/kjones/Classes/Archives_by_Class/CS401_Computer_Architecture/CS401_007_2014_Spring/Session_04_VGA_SDRAM_Lab/DUAL_PORT_SDRAM_AND_VGA_V3/dualporttst/XSA/XSA_LIB/vga.vhd sub00/vhpl13 1392739782
PH test_dualport_core_pckg NULL //fs1/homedrives/kjones/Classes/Archives_by_Class/CS401_Computer_Architecture/CS401_007_2014_Spring/Session_04_VGA_SDRAM_Lab/DUAL_PORT_SDRAM_AND_VGA_V3/dualporttst/XSA/XSA_LIB/test_dualport_core.vhd sub00/vhpl17 1392739786
AR sync sync_arch //fs1/homedrives/kjones/Classes/Archives_by_Class/CS401_Computer_Architecture/CS401_007_2014_Spring/Session_04_VGA_SDRAM_Lab/DUAL_PORT_SDRAM_AND_VGA_V3/dualporttst/XSA/XSA_LIB/vga.vhd sub00/vhpl11 1392739780
EN sdramcntl NULL //fs1/homedrives/kjones/Classes/Archives_by_Class/CS401_Computer_Architecture/CS401_007_2014_Spring/Session_04_VGA_SDRAM_Lab/DUAL_PORT_SDRAM_AND_VGA_V3/dualporttst/XS_LIB/sdramcntl.vhd sub00/vhpl03 1392739772
AR xsasdramcntl arch //fs1/homedrives/kjones/Classes/Archives_by_Class/CS401_Computer_Architecture/CS401_007_2014_Spring/Session_04_VGA_SDRAM_Lab/DUAL_PORT_SDRAM_AND_VGA_V3/dualporttst/XSA/XSA_LIB/xsasdramcntl.vhd sub00/vhpl16 1392739785
PH xsasdram NULL //fs1/homedrives/kjones/Classes/Archives_by_Class/CS401_Computer_Architecture/CS401_007_2014_Spring/Session_04_VGA_SDRAM_Lab/DUAL_PORT_SDRAM_AND_VGA_V3/dualporttst/XSA/XSA_LIB/xsasdramcntl.vhd sub00/vhpl14 1392739783
EN xsasdramcntl NULL //fs1/homedrives/kjones/Classes/Archives_by_Class/CS401_Computer_Architecture/CS401_007_2014_Spring/Session_04_VGA_SDRAM_Lab/DUAL_PORT_SDRAM_AND_VGA_V3/dualporttst/XSA/XSA_LIB/xsasdramcntl.vhd sub00/vhpl15 1392739784
