AR dmem behave "C:/Users/tom herbert/Documents/GitHub/ArchitecturePart2/ArchPart2/MIPS_CPU_FPGA_AND_SIM_V4PatrickHerbert/mips_mem.vhd" sub00/vhpl25 1492749243
EN adder NULL "C:/Users/tom herbert/Documents/GitHub/ArchitecturePart2/ArchPart2/MIPS_CPU_FPGA_AND_SIM_V4PatrickHerbert/mips_building_blocks.vhd" sub00/vhpl09 1492749213
EN dmem NULL "C:/Users/tom herbert/Documents/GitHub/ArchitecturePart2/ArchPart2/MIPS_CPU_FPGA_AND_SIM_V4PatrickHerbert/mips_mem.vhd" sub00/vhpl24 1492749242
EN mux2 NULL "C:/Users/tom herbert/Documents/GitHub/ArchitecturePart2/ArchPart2/MIPS_CPU_FPGA_AND_SIM_V4PatrickHerbert/mips_building_blocks.vhd" sub00/vhpl14 1492749217
EN flopr NULL "C:/Users/tom herbert/Documents/GitHub/ArchitecturePart2/ArchPart2/MIPS_CPU_FPGA_AND_SIM_V4PatrickHerbert/mips_building_blocks.vhd" sub00/vhpl13 1492749216
EN regfile NULL "C:/Users/tom herbert/Documents/GitHub/ArchitecturePart2/ArchPart2/MIPS_CPU_FPGA_AND_SIM_V4PatrickHerbert/mips_building_blocks.vhd" sub00/vhpl08 1492749212
EN aludec NULL "C:/Users/tom herbert/Documents/GitHub/ArchitecturePart2/ArchPart2/MIPS_CPU_FPGA_AND_SIM_V4PatrickHerbert/mips_decoder_alu.vhd" sub00/vhpl02 1492749234
EN datapath NULL "C:/Users/tom herbert/Documents/GitHub/ArchitecturePart2/ArchPart2/MIPS_CPU_FPGA_AND_SIM_V4PatrickHerbert/mips_datapath.vhd" sub00/vhpl28 1492749238
EN imem NULL "C:/Users/tom herbert/Documents/GitHub/ArchitecturePart2/ArchPart2/MIPS_CPU_FPGA_AND_SIM_V4PatrickHerbert/mips_mem.vhd" sub00/vhpl26 1492749244
AR mips_fpga_interface test_fpga "C:/Users/tom herbert/Documents/GitHub/ArchitecturePart2/ArchPart2/MIPS_CPU_FPGA_AND_SIM_V4PatrickHerbert/mips_fpga_interface.vhd" sub00/vhpl34 1492749249
AR controller struct "C:/Users/tom herbert/Documents/GitHub/ArchitecturePart2/ArchPart2/MIPS_CPU_FPGA_AND_SIM_V4PatrickHerbert/mips_controller.vhd" sub00/vhpl05 1492749237
AR flopr asynchronous "C:/Users/tom herbert/Documents/GitHub/ArchitecturePart2/ArchPart2/MIPS_CPU_FPGA_AND_SIM_V4PatrickHerbert/mips_building_blocks.vhd" sub00/vhpl22 1492749225
EN shiftleft NULL "C:/Users/tom herbert/Documents/GitHub/ArchitecturePart2/ArchPart2/MIPS_CPU_FPGA_AND_SIM_V4PatrickHerbert/mips_building_blocks.vhd" sub00/vhpl37 1492749219
EN maindec NULL "C:/Users/tom herbert/Documents/GitHub/ArchitecturePart2/ArchPart2/MIPS_CPU_FPGA_AND_SIM_V4PatrickHerbert/mips_decoder_main.vhd" sub00/vhpl00 1492749232
EN mux2cont NULL "C:/Users/tom herbert/Documents/GitHub/ArchitecturePart2/ArchPart2/MIPS_CPU_FPGA_AND_SIM_V4PatrickHerbert/mips_building_blocks.vhd" sub00/vhpl35 1492749218
AR mips struct "C:/Users/tom herbert/Documents/GitHub/ArchitecturePart2/ArchPart2/MIPS_CPU_FPGA_AND_SIM_V4PatrickHerbert/mips.vhd" sub00/vhpl15 1492749241
EN shiftright NULL "C:/Users/tom herbert/Documents/GitHub/ArchitecturePart2/ArchPart2/MIPS_CPU_FPGA_AND_SIM_V4PatrickHerbert/mips_building_blocks.vhd" sub00/vhpl39 1492749220
EN testbench NULL C:/CS401/mips_cpu_v2_sim_reorg/mips/mips_top.vhd sub00/vhpl30 1394402431
AR zerodetect behave C:/CS401/mips_cpu_v2_sim_reorg/mips/mips_building_blocks.vhd sub00/vhpl19 1394402410
EN top NULL "C:/Users/tom herbert/Documents/GitHub/ArchitecturePart2/ArchPart2/MIPS_CPU_FPGA_AND_SIM_V4PatrickHerbert/mips_top.vhd" sub00/vhpl31 1492749246
AR shiftleft behavioral "C:/Users/tom herbert/Documents/GitHub/ArchitecturePart2/ArchPart2/MIPS_CPU_FPGA_AND_SIM_V4PatrickHerbert/mips_building_blocks.vhd" sub00/vhpl38 1492749228
AR imem behave "C:/Users/tom herbert/Documents/GitHub/ArchitecturePart2/ArchPart2/MIPS_CPU_FPGA_AND_SIM_V4PatrickHerbert/mips_mem.vhd" sub00/vhpl27 1492749245
AR mux2cont behave "C:/Users/tom herbert/Documents/GitHub/ArchitecturePart2/ArchPart2/MIPS_CPU_FPGA_AND_SIM_V4PatrickHerbert/mips_building_blocks.vhd" sub00/vhpl36 1492749227
AR maindec behave "C:/Users/tom herbert/Documents/GitHub/ArchitecturePart2/ArchPart2/MIPS_CPU_FPGA_AND_SIM_V4PatrickHerbert/mips_decoder_main.vhd" sub00/vhpl01 1492749233
AR sl2 behave "C:/Users/tom herbert/Documents/GitHub/ArchitecturePart2/ArchPart2/MIPS_CPU_FPGA_AND_SIM_V4PatrickHerbert/mips_building_blocks.vhd" sub00/vhpl20 1492749223
AR top test "C:/Users/tom herbert/Documents/GitHub/ArchitecturePart2/ArchPart2/MIPS_CPU_FPGA_AND_SIM_V4PatrickHerbert/mips_top.vhd" sub00/vhpl32 1492749247
EN zerodetect NULL C:/CS401/mips_cpu_v2_sim_reorg/mips/mips_building_blocks.vhd sub00/vhpl10 1394402403
EN mips NULL "C:/Users/tom herbert/Documents/GitHub/ArchitecturePart2/ArchPart2/MIPS_CPU_FPGA_AND_SIM_V4PatrickHerbert/mips.vhd" sub00/vhpl06 1492749240
AR shiftright behavioral "C:/Users/tom herbert/Documents/GitHub/ArchitecturePart2/ArchPart2/MIPS_CPU_FPGA_AND_SIM_V4PatrickHerbert/mips_building_blocks.vhd" sub00/vhpl40 1492749229
AR signext behave "C:/Users/tom herbert/Documents/GitHub/ArchitecturePart2/ArchPart2/MIPS_CPU_FPGA_AND_SIM_V4PatrickHerbert/mips_building_blocks.vhd" sub00/vhpl21 1492749224
AR datapath struct "C:/Users/tom herbert/Documents/GitHub/ArchitecturePart2/ArchPart2/MIPS_CPU_FPGA_AND_SIM_V4PatrickHerbert/mips_datapath.vhd" sub00/vhpl29 1492749239
AR aludec behave "C:/Users/tom herbert/Documents/GitHub/ArchitecturePart2/ArchPart2/MIPS_CPU_FPGA_AND_SIM_V4PatrickHerbert/mips_decoder_alu.vhd" sub00/vhpl03 1492749235
AR adder behave "C:/Users/tom herbert/Documents/GitHub/ArchitecturePart2/ArchPart2/MIPS_CPU_FPGA_AND_SIM_V4PatrickHerbert/mips_building_blocks.vhd" sub00/vhpl18 1492749222
EN controller NULL "C:/Users/tom herbert/Documents/GitHub/ArchitecturePart2/ArchPart2/MIPS_CPU_FPGA_AND_SIM_V4PatrickHerbert/mips_controller.vhd" sub00/vhpl04 1492749236
AR regfile behave "C:/Users/tom herbert/Documents/GitHub/ArchitecturePart2/ArchPart2/MIPS_CPU_FPGA_AND_SIM_V4PatrickHerbert/mips_building_blocks.vhd" sub00/vhpl17 1492749221
EN mips_fpga_interface NULL "C:/Users/tom herbert/Documents/GitHub/ArchitecturePart2/ArchPart2/MIPS_CPU_FPGA_AND_SIM_V4PatrickHerbert/mips_fpga_interface.vhd" sub00/vhpl33 1492749248
EN signext NULL "C:/Users/tom herbert/Documents/GitHub/ArchitecturePart2/ArchPart2/MIPS_CPU_FPGA_AND_SIM_V4PatrickHerbert/mips_building_blocks.vhd" sub00/vhpl12 1492749215
AR mux2 behave "C:/Users/tom herbert/Documents/GitHub/ArchitecturePart2/ArchPart2/MIPS_CPU_FPGA_AND_SIM_V4PatrickHerbert/mips_building_blocks.vhd" sub00/vhpl23 1492749226
EN sl2 NULL "C:/Users/tom herbert/Documents/GitHub/ArchitecturePart2/ArchPart2/MIPS_CPU_FPGA_AND_SIM_V4PatrickHerbert/mips_building_blocks.vhd" sub00/vhpl11 1492749214
AR alu behave "C:/Users/tom herbert/Documents/GitHub/ArchitecturePart2/ArchPart2/MIPS_CPU_FPGA_AND_SIM_V4PatrickHerbert/mips_alu.vhd" sub00/vhpl16 1492749231
EN alu NULL "C:/Users/tom herbert/Documents/GitHub/ArchitecturePart2/ArchPart2/MIPS_CPU_FPGA_AND_SIM_V4PatrickHerbert/mips_alu.vhd" sub00/vhpl07 1492749230
