AR dmem behave C:/Users/pherbert17/Documents/GitHub/ArchitectureFinalPart4/MIPS_CPU_FPGA_AND_SIM_V4PatrickHerbert/mips_mem.vhd sub00/vhpl25 1494371191
AR ps2_kbd arch C:/Users/pherbert17/Documents/GitHub/ArchitectureFinalPart4/MIPS_CPU_FPGA_AND_SIM_V4PatrickHerbert/mips_building_blocks.vhd sub00/vhpl47 1494371175
EN adder NULL C:/Users/pherbert17/Documents/GitHub/ArchitectureFinalPart4/MIPS_CPU_FPGA_AND_SIM_V4PatrickHerbert/mips_building_blocks.vhd sub00/vhpl09 1494371153
EN dmem NULL C:/Users/pherbert17/Documents/GitHub/ArchitectureFinalPart4/MIPS_CPU_FPGA_AND_SIM_V4PatrickHerbert/mips_mem.vhd sub00/vhpl24 1494371190
EN mux2 NULL C:/Users/pherbert17/Documents/GitHub/ArchitectureFinalPart4/MIPS_CPU_FPGA_AND_SIM_V4PatrickHerbert/mips_building_blocks.vhd sub00/vhpl14 1494371157
EN mux3 NULL C:/Users/pherbert17/Documents/GitHub/ArchitectureFinalPart4/MIPS_CPU_FPGA_AND_SIM_V4PatrickHerbert/mips_building_blocks.vhd sub00/vhpl48 1494371158
EN flopr NULL C:/Users/pherbert17/Documents/GitHub/ArchitectureFinalPart4/MIPS_CPU_FPGA_AND_SIM_V4PatrickHerbert/mips_building_blocks.vhd sub00/vhpl13 1494371156
EN regfile NULL C:/Users/pherbert17/Documents/GitHub/ArchitectureFinalPart4/MIPS_CPU_FPGA_AND_SIM_V4PatrickHerbert/mips_building_blocks.vhd sub00/vhpl08 1494371152
EN aludec NULL C:/Users/pherbert17/Documents/GitHub/ArchitectureFinalPart4/MIPS_CPU_FPGA_AND_SIM_V4PatrickHerbert/mips_decoder_alu.vhd sub00/vhpl02 1494371182
EN datapath NULL C:/Users/pherbert17/Documents/GitHub/ArchitectureFinalPart4/MIPS_CPU_FPGA_AND_SIM_V4PatrickHerbert/mips_datapath.vhd sub00/vhpl28 1494371186
EN imem NULL C:/Users/pherbert17/Documents/GitHub/ArchitectureFinalPart4/MIPS_CPU_FPGA_AND_SIM_V4PatrickHerbert/mips_mem.vhd sub00/vhpl26 1494371192
AR mips_fpga_interface test_fpga C:/Users/pherbert17/Documents/GitHub/ArchitectureFinalPart4/MIPS_CPU_FPGA_AND_SIM_V4PatrickHerbert/mips_fpga_interface.vhd sub00/vhpl34 1494370852
AR controller struct C:/Users/pherbert17/Documents/GitHub/ArchitectureFinalPart4/MIPS_CPU_FPGA_AND_SIM_V4PatrickHerbert/mips_controller.vhd sub00/vhpl05 1494371185
AR flopr asynchronous C:/Users/pherbert17/Documents/GitHub/ArchitectureFinalPart4/MIPS_CPU_FPGA_AND_SIM_V4PatrickHerbert/mips_building_blocks.vhd sub00/vhpl22 1494371166
EN shiftleft NULL C:/Users/pherbert17/Documents/GitHub/ArchitectureFinalPart4/MIPS_CPU_FPGA_AND_SIM_V4PatrickHerbert/mips_building_blocks.vhd sub00/vhpl37 1494371160
EN maindec NULL C:/Users/pherbert17/Documents/GitHub/ArchitectureFinalPart4/MIPS_CPU_FPGA_AND_SIM_V4PatrickHerbert/mips_decoder_main.vhd sub00/vhpl00 1494371180
AR mips struct C:/Users/pherbert17/Documents/GitHub/ArchitectureFinalPart4/MIPS_CPU_FPGA_AND_SIM_V4PatrickHerbert/mips.vhd sub00/vhpl15 1494371189
EN mux2cont NULL C:/Users/pherbert17/Documents/GitHub/ArchitectureFinalPart4/MIPS_CPU_FPGA_AND_SIM_V4PatrickHerbert/mips_building_blocks.vhd sub00/vhpl35 1494371159
EN shiftright NULL C:/Users/pherbert17/Documents/GitHub/ArchitectureFinalPart4/MIPS_CPU_FPGA_AND_SIM_V4PatrickHerbert/mips_building_blocks.vhd sub00/vhpl39 1494371161
EN testbench NULL C:/CS401/mips_cpu_v2_sim_reorg/mips/mips_top.vhd sub00/vhpl30 1394402431
AR zerodetect behave C:/CS401/mips_cpu_v2_sim_reorg/mips/mips_building_blocks.vhd sub00/vhpl19 1394402410
EN top NULL C:/Users/pherbert17/Documents/GitHub/ArchitectureFinalPart4/MIPS_CPU_FPGA_AND_SIM_V4PatrickHerbert/mips_top.vhd sub00/vhpl31 1494371194
AR shiftleft behavioral C:/Users/pherbert17/Documents/GitHub/ArchitectureFinalPart4/MIPS_CPU_FPGA_AND_SIM_V4PatrickHerbert/mips_building_blocks.vhd sub00/vhpl38 1494371170
AR imem behave C:/Users/pherbert17/Documents/GitHub/ArchitectureFinalPart4/MIPS_CPU_FPGA_AND_SIM_V4PatrickHerbert/mips_mem.vhd sub00/vhpl27 1494371193
AR mux2cont behave C:/Users/pherbert17/Documents/GitHub/ArchitectureFinalPart4/MIPS_CPU_FPGA_AND_SIM_V4PatrickHerbert/mips_building_blocks.vhd sub00/vhpl36 1494371169
AR maindec behave C:/Users/pherbert17/Documents/GitHub/ArchitectureFinalPart4/MIPS_CPU_FPGA_AND_SIM_V4PatrickHerbert/mips_decoder_main.vhd sub00/vhpl01 1494371181
AR sl2 behave C:/Users/pherbert17/Documents/GitHub/ArchitectureFinalPart4/MIPS_CPU_FPGA_AND_SIM_V4PatrickHerbert/mips_building_blocks.vhd sub00/vhpl20 1494371164
AR vgatest behavioral C:/Users/pherbert17/Documents/GitHub/ArchitectureFinalPart4/MIPS_CPU_FPGA_AND_SIM_V4PatrickHerbert/mips_building_blocks.vhd sub00/vhpl44 1494371173
AR top test C:/Users/pherbert17/Documents/GitHub/ArchitectureFinalPart4/MIPS_CPU_FPGA_AND_SIM_V4PatrickHerbert/mips_top.vhd sub00/vhpl32 1494371195
EN zerodetect NULL C:/CS401/mips_cpu_v2_sim_reorg/mips/mips_building_blocks.vhd sub00/vhpl10 1394402403
EN addressdec NULL C:/Users/pherbert17/Documents/GitHub/ArchitectureFinalPart4/MIPS_CPU_FPGA_AND_SIM_V4PatrickHerbert/mips/mips_address_decoder.vhd sub00/vhpl41 1494371176
PH ps2_kbd_pckg NULL C:/Users/pherbert17/Documents/GitHub/ArchitectureFinalPart4/MIPS_CPU_FPGA_AND_SIM_V4PatrickHerbert/mips_building_blocks.vhd sub00/vhpl45 1494288936
EN mips NULL C:/Users/pherbert17/Documents/GitHub/ArchitectureFinalPart4/MIPS_CPU_FPGA_AND_SIM_V4PatrickHerbert/mips.vhd sub00/vhpl06 1494371188
AR addressdec behavioral C:/Users/pherbert17/Documents/GitHub/ArchitectureFinalPart4/MIPS_CPU_FPGA_AND_SIM_V4PatrickHerbert/mips/mips_address_decoder.vhd sub00/vhpl42 1494371177
AR shiftright behavioral C:/Users/pherbert17/Documents/GitHub/ArchitectureFinalPart4/MIPS_CPU_FPGA_AND_SIM_V4PatrickHerbert/mips_building_blocks.vhd sub00/vhpl40 1494371171
EN vgatest NULL C:/Users/pherbert17/Documents/GitHub/ArchitectureFinalPart4/MIPS_CPU_FPGA_AND_SIM_V4PatrickHerbert/mips_building_blocks.vhd sub00/vhpl43 1494371172
AR mux3 behavioral C:/Users/pherbert17/Documents/GitHub/ArchitectureFinalPart4/MIPS_CPU_FPGA_AND_SIM_V4PatrickHerbert/mips_building_blocks.vhd sub00/vhpl49 1494371168
EN ps2_kbd NULL C:/Users/pherbert17/Documents/GitHub/ArchitectureFinalPart4/MIPS_CPU_FPGA_AND_SIM_V4PatrickHerbert/mips_building_blocks.vhd sub00/vhpl46 1494371174
AR signext behave C:/Users/pherbert17/Documents/GitHub/ArchitectureFinalPart4/MIPS_CPU_FPGA_AND_SIM_V4PatrickHerbert/mips_building_blocks.vhd sub00/vhpl21 1494371165
AR datapath struct C:/Users/pherbert17/Documents/GitHub/ArchitectureFinalPart4/MIPS_CPU_FPGA_AND_SIM_V4PatrickHerbert/mips_datapath.vhd sub00/vhpl29 1494371187
AR aludec behave C:/Users/pherbert17/Documents/GitHub/ArchitectureFinalPart4/MIPS_CPU_FPGA_AND_SIM_V4PatrickHerbert/mips_decoder_alu.vhd sub00/vhpl03 1494371183
AR adder behave C:/Users/pherbert17/Documents/GitHub/ArchitectureFinalPart4/MIPS_CPU_FPGA_AND_SIM_V4PatrickHerbert/mips_building_blocks.vhd sub00/vhpl18 1494371163
EN controller NULL C:/Users/pherbert17/Documents/GitHub/ArchitectureFinalPart4/MIPS_CPU_FPGA_AND_SIM_V4PatrickHerbert/mips_controller.vhd sub00/vhpl04 1494371184
AR regfile behave C:/Users/pherbert17/Documents/GitHub/ArchitectureFinalPart4/MIPS_CPU_FPGA_AND_SIM_V4PatrickHerbert/mips_building_blocks.vhd sub00/vhpl17 1494371162
EN mips_fpga_interface NULL C:/Users/pherbert17/Documents/GitHub/ArchitectureFinalPart4/MIPS_CPU_FPGA_AND_SIM_V4PatrickHerbert/mips_fpga_interface.vhd sub00/vhpl33 1494370851
EN signext NULL C:/Users/pherbert17/Documents/GitHub/ArchitectureFinalPart4/MIPS_CPU_FPGA_AND_SIM_V4PatrickHerbert/mips_building_blocks.vhd sub00/vhpl12 1494371155
AR mux2 behave C:/Users/pherbert17/Documents/GitHub/ArchitectureFinalPart4/MIPS_CPU_FPGA_AND_SIM_V4PatrickHerbert/mips_building_blocks.vhd sub00/vhpl23 1494371167
EN sl2 NULL C:/Users/pherbert17/Documents/GitHub/ArchitectureFinalPart4/MIPS_CPU_FPGA_AND_SIM_V4PatrickHerbert/mips_building_blocks.vhd sub00/vhpl11 1494371154
AR alu behave C:/Users/pherbert17/Documents/GitHub/ArchitectureFinalPart4/MIPS_CPU_FPGA_AND_SIM_V4PatrickHerbert/mips_alu.vhd sub00/vhpl16 1494371179
EN alu NULL C:/Users/pherbert17/Documents/GitHub/ArchitectureFinalPart4/MIPS_CPU_FPGA_AND_SIM_V4PatrickHerbert/mips_alu.vhd sub00/vhpl07 1494371178
