AR dmem behave C:/Users/pherbert17/Documents/GitHub/ArchitectureFinalPart4/MIPS_CPU_FPGA_AND_SIM_V4PatrickHerbert/mips_mem.vhd sub00/vhpl25 1494350602
AR ps2_kbd arch C:/Users/pherbert17/Documents/GitHub/ArchitectureFinalPart4/MIPS_CPU_FPGA_AND_SIM_V4PatrickHerbert/mips_building_blocks.vhd sub00/vhpl47 1494350586
EN adder NULL C:/Users/pherbert17/Documents/GitHub/ArchitectureFinalPart4/MIPS_CPU_FPGA_AND_SIM_V4PatrickHerbert/mips_building_blocks.vhd sub00/vhpl09 1494350564
EN dmem NULL C:/Users/pherbert17/Documents/GitHub/ArchitectureFinalPart4/MIPS_CPU_FPGA_AND_SIM_V4PatrickHerbert/mips_mem.vhd sub00/vhpl24 1494350601
EN mux2 NULL C:/Users/pherbert17/Documents/GitHub/ArchitectureFinalPart4/MIPS_CPU_FPGA_AND_SIM_V4PatrickHerbert/mips_building_blocks.vhd sub00/vhpl14 1494350568
EN mux3 NULL C:/Users/pherbert17/Documents/GitHub/ArchitectureFinalPart4/MIPS_CPU_FPGA_AND_SIM_V4PatrickHerbert/mips_building_blocks.vhd sub00/vhpl48 1494350569
EN flopr NULL C:/Users/pherbert17/Documents/GitHub/ArchitectureFinalPart4/MIPS_CPU_FPGA_AND_SIM_V4PatrickHerbert/mips_building_blocks.vhd sub00/vhpl13 1494350567
EN regfile NULL C:/Users/pherbert17/Documents/GitHub/ArchitectureFinalPart4/MIPS_CPU_FPGA_AND_SIM_V4PatrickHerbert/mips_building_blocks.vhd sub00/vhpl08 1494350563
EN aludec NULL C:/Users/pherbert17/Documents/GitHub/ArchitectureFinalPart4/MIPS_CPU_FPGA_AND_SIM_V4PatrickHerbert/mips_decoder_alu.vhd sub00/vhpl02 1494350593
EN datapath NULL C:/Users/pherbert17/Documents/GitHub/ArchitectureFinalPart4/MIPS_CPU_FPGA_AND_SIM_V4PatrickHerbert/mips_datapath.vhd sub00/vhpl28 1494350597
EN imem NULL C:/Users/pherbert17/Documents/GitHub/ArchitectureFinalPart4/MIPS_CPU_FPGA_AND_SIM_V4PatrickHerbert/mips_mem.vhd sub00/vhpl26 1494350603
AR mips_fpga_interface test_fpga C:/Users/pherbert17/Documents/GitHub/ArchitectureFinalPart4/MIPS_CPU_FPGA_AND_SIM_V4PatrickHerbert/mips_fpga_interface.vhd sub00/vhpl34 1494290024
AR controller struct C:/Users/pherbert17/Documents/GitHub/ArchitectureFinalPart4/MIPS_CPU_FPGA_AND_SIM_V4PatrickHerbert/mips_controller.vhd sub00/vhpl05 1494350596
AR flopr asynchronous C:/Users/pherbert17/Documents/GitHub/ArchitectureFinalPart4/MIPS_CPU_FPGA_AND_SIM_V4PatrickHerbert/mips_building_blocks.vhd sub00/vhpl22 1494350577
EN shiftleft NULL C:/Users/pherbert17/Documents/GitHub/ArchitectureFinalPart4/MIPS_CPU_FPGA_AND_SIM_V4PatrickHerbert/mips_building_blocks.vhd sub00/vhpl37 1494350571
EN maindec NULL C:/Users/pherbert17/Documents/GitHub/ArchitectureFinalPart4/MIPS_CPU_FPGA_AND_SIM_V4PatrickHerbert/mips_decoder_main.vhd sub00/vhpl00 1494350591
EN mux2cont NULL C:/Users/pherbert17/Documents/GitHub/ArchitectureFinalPart4/MIPS_CPU_FPGA_AND_SIM_V4PatrickHerbert/mips_building_blocks.vhd sub00/vhpl35 1494350570
AR mips struct C:/Users/pherbert17/Documents/GitHub/ArchitectureFinalPart4/MIPS_CPU_FPGA_AND_SIM_V4PatrickHerbert/mips.vhd sub00/vhpl15 1494350600
EN shiftright NULL C:/Users/pherbert17/Documents/GitHub/ArchitectureFinalPart4/MIPS_CPU_FPGA_AND_SIM_V4PatrickHerbert/mips_building_blocks.vhd sub00/vhpl39 1494350572
EN testbench NULL C:/CS401/mips_cpu_v2_sim_reorg/mips/mips_top.vhd sub00/vhpl30 1394402431
AR zerodetect behave C:/CS401/mips_cpu_v2_sim_reorg/mips/mips_building_blocks.vhd sub00/vhpl19 1394402410
EN top NULL C:/Users/pherbert17/Documents/GitHub/ArchitectureFinalPart4/MIPS_CPU_FPGA_AND_SIM_V4PatrickHerbert/mips_top.vhd sub00/vhpl31 1494350605
AR shiftleft behavioral C:/Users/pherbert17/Documents/GitHub/ArchitectureFinalPart4/MIPS_CPU_FPGA_AND_SIM_V4PatrickHerbert/mips_building_blocks.vhd sub00/vhpl38 1494350581
AR imem behave C:/Users/pherbert17/Documents/GitHub/ArchitectureFinalPart4/MIPS_CPU_FPGA_AND_SIM_V4PatrickHerbert/mips_mem.vhd sub00/vhpl27 1494350604
AR mux2cont behave C:/Users/pherbert17/Documents/GitHub/ArchitectureFinalPart4/MIPS_CPU_FPGA_AND_SIM_V4PatrickHerbert/mips_building_blocks.vhd sub00/vhpl36 1494350580
AR maindec behave C:/Users/pherbert17/Documents/GitHub/ArchitectureFinalPart4/MIPS_CPU_FPGA_AND_SIM_V4PatrickHerbert/mips_decoder_main.vhd sub00/vhpl01 1494350592
AR sl2 behave C:/Users/pherbert17/Documents/GitHub/ArchitectureFinalPart4/MIPS_CPU_FPGA_AND_SIM_V4PatrickHerbert/mips_building_blocks.vhd sub00/vhpl20 1494350575
AR vgatest behavioral C:/Users/pherbert17/Documents/GitHub/ArchitectureFinalPart4/MIPS_CPU_FPGA_AND_SIM_V4PatrickHerbert/mips_building_blocks.vhd sub00/vhpl44 1494350584
AR top test C:/Users/pherbert17/Documents/GitHub/ArchitectureFinalPart4/MIPS_CPU_FPGA_AND_SIM_V4PatrickHerbert/mips_top.vhd sub00/vhpl32 1494350606
EN zerodetect NULL C:/CS401/mips_cpu_v2_sim_reorg/mips/mips_building_blocks.vhd sub00/vhpl10 1394402403
EN addressdec NULL C:/Users/pherbert17/Documents/GitHub/ArchitectureFinalPart4/MIPS_CPU_FPGA_AND_SIM_V4PatrickHerbert/mips/mips_address_decoder.vhd sub00/vhpl41 1494350587
PH ps2_kbd_pckg NULL C:/Users/pherbert17/Documents/GitHub/ArchitectureFinalPart4/MIPS_CPU_FPGA_AND_SIM_V4PatrickHerbert/mips_building_blocks.vhd sub00/vhpl45 1494288936
EN mips NULL C:/Users/pherbert17/Documents/GitHub/ArchitectureFinalPart4/MIPS_CPU_FPGA_AND_SIM_V4PatrickHerbert/mips.vhd sub00/vhpl06 1494350599
AR addressdec behavioral C:/Users/pherbert17/Documents/GitHub/ArchitectureFinalPart4/MIPS_CPU_FPGA_AND_SIM_V4PatrickHerbert/mips/mips_address_decoder.vhd sub00/vhpl42 1494350588
AR shiftright behavioral C:/Users/pherbert17/Documents/GitHub/ArchitectureFinalPart4/MIPS_CPU_FPGA_AND_SIM_V4PatrickHerbert/mips_building_blocks.vhd sub00/vhpl40 1494350582
EN vgatest NULL C:/Users/pherbert17/Documents/GitHub/ArchitectureFinalPart4/MIPS_CPU_FPGA_AND_SIM_V4PatrickHerbert/mips_building_blocks.vhd sub00/vhpl43 1494350583
EN ps2_kbd NULL C:/Users/pherbert17/Documents/GitHub/ArchitectureFinalPart4/MIPS_CPU_FPGA_AND_SIM_V4PatrickHerbert/mips_building_blocks.vhd sub00/vhpl46 1494350585
AR mux3 behavioral C:/Users/pherbert17/Documents/GitHub/ArchitectureFinalPart4/MIPS_CPU_FPGA_AND_SIM_V4PatrickHerbert/mips_building_blocks.vhd sub00/vhpl49 1494350579
AR signext behave C:/Users/pherbert17/Documents/GitHub/ArchitectureFinalPart4/MIPS_CPU_FPGA_AND_SIM_V4PatrickHerbert/mips_building_blocks.vhd sub00/vhpl21 1494350576
AR datapath struct C:/Users/pherbert17/Documents/GitHub/ArchitectureFinalPart4/MIPS_CPU_FPGA_AND_SIM_V4PatrickHerbert/mips_datapath.vhd sub00/vhpl29 1494350598
AR aludec behave C:/Users/pherbert17/Documents/GitHub/ArchitectureFinalPart4/MIPS_CPU_FPGA_AND_SIM_V4PatrickHerbert/mips_decoder_alu.vhd sub00/vhpl03 1494350594
AR adder behave C:/Users/pherbert17/Documents/GitHub/ArchitectureFinalPart4/MIPS_CPU_FPGA_AND_SIM_V4PatrickHerbert/mips_building_blocks.vhd sub00/vhpl18 1494350574
EN controller NULL C:/Users/pherbert17/Documents/GitHub/ArchitectureFinalPart4/MIPS_CPU_FPGA_AND_SIM_V4PatrickHerbert/mips_controller.vhd sub00/vhpl04 1494350595
AR regfile behave C:/Users/pherbert17/Documents/GitHub/ArchitectureFinalPart4/MIPS_CPU_FPGA_AND_SIM_V4PatrickHerbert/mips_building_blocks.vhd sub00/vhpl17 1494350573
EN mips_fpga_interface NULL C:/Users/pherbert17/Documents/GitHub/ArchitectureFinalPart4/MIPS_CPU_FPGA_AND_SIM_V4PatrickHerbert/mips_fpga_interface.vhd sub00/vhpl33 1494290023
EN signext NULL C:/Users/pherbert17/Documents/GitHub/ArchitectureFinalPart4/MIPS_CPU_FPGA_AND_SIM_V4PatrickHerbert/mips_building_blocks.vhd sub00/vhpl12 1494350566
AR mux2 behave C:/Users/pherbert17/Documents/GitHub/ArchitectureFinalPart4/MIPS_CPU_FPGA_AND_SIM_V4PatrickHerbert/mips_building_blocks.vhd sub00/vhpl23 1494350578
EN sl2 NULL C:/Users/pherbert17/Documents/GitHub/ArchitectureFinalPart4/MIPS_CPU_FPGA_AND_SIM_V4PatrickHerbert/mips_building_blocks.vhd sub00/vhpl11 1494350565
AR alu behave C:/Users/pherbert17/Documents/GitHub/ArchitectureFinalPart4/MIPS_CPU_FPGA_AND_SIM_V4PatrickHerbert/mips_alu.vhd sub00/vhpl16 1494350590
EN alu NULL C:/Users/pherbert17/Documents/GitHub/ArchitectureFinalPart4/MIPS_CPU_FPGA_AND_SIM_V4PatrickHerbert/mips_alu.vhd sub00/vhpl07 1494350589
