V3 128
FL "//cs1/2017/pherbert17/CS401-1/HW4TestNotFinishedYet/MIPS_CPU_FPGA_AND_SIM_V4 Patrick Herbert/mips.vhd" 2017/04/05.22:58:47 P.20131013
FL "//cs1/2017/pherbert17/CS401-1/HW4TestNotFinishedYet/MIPS_CPU_FPGA_AND_SIM_V4 Patrick Herbert/mips_alu.vhd" 2017/04/06.10:30:12 P.20131013
FL "//cs1/2017/pherbert17/CS401-1/HW4TestNotFinishedYet/MIPS_CPU_FPGA_AND_SIM_V4 Patrick Herbert/mips_building_blocks.vhd" 2017/04/05.22:58:47 P.20131013
FL "//cs1/2017/pherbert17/CS401-1/HW4TestNotFinishedYet/MIPS_CPU_FPGA_AND_SIM_V4 Patrick Herbert/mips_controller.vhd" 2017/04/05.22:58:47 P.20131013
FL "//cs1/2017/pherbert17/CS401-1/HW4TestNotFinishedYet/MIPS_CPU_FPGA_AND_SIM_V4 Patrick Herbert/mips_datapath.vhd" 2017/04/06.09:37:40 P.20131013
FL "//cs1/2017/pherbert17/CS401-1/HW4TestNotFinishedYet/MIPS_CPU_FPGA_AND_SIM_V4 Patrick Herbert/mips_decoder_alu.vhd" 2017/04/05.22:58:47 P.20131013
FL "//cs1/2017/pherbert17/CS401-1/HW4TestNotFinishedYet/MIPS_CPU_FPGA_AND_SIM_V4 Patrick Herbert/mips_decoder_main.vhd" 2017/04/06.10:30:12 P.20131013
FL "//cs1/2017/pherbert17/CS401-1/HW4TestNotFinishedYet/MIPS_CPU_FPGA_AND_SIM_V4 Patrick Herbert/mips_fpga_interface.vhd" 2017/04/05.22:58:48 P.20131013
FL "//cs1/2017/pherbert17/CS401-1/HW4TestNotFinishedYet/MIPS_CPU_FPGA_AND_SIM_V4 Patrick Herbert/mips_mem.vhd" 2017/04/05.22:58:48 P.20131013
FL "//cs1/2017/pherbert17/CS401-1/HW4TestNotFinishedYet/MIPS_CPU_FPGA_AND_SIM_V4 Patrick Herbert/mips_top.vhd" 2017/04/05.22:58:48 P.20131013
FL C:/Users/pherbert17/Documents/GitHub/ArchitectureFinalPart4/MIPS_CPU_FPGA_AND_SIM_V4PatrickHerbert/mips.vhd 2017/05/09.15:54:58 P.20131013
EN work/mips 1494372740 \
      FL C:/Users/pherbert17/Documents/GitHub/ArchitectureFinalPart4/MIPS_CPU_FPGA_AND_SIM_V4PatrickHerbert/mips.vhd \
      PB ieee/std_logic_1164 1381692176
AR work/mips/struct 1494372741 \
      FL C:/Users/pherbert17/Documents/GitHub/ArchitectureFinalPart4/MIPS_CPU_FPGA_AND_SIM_V4PatrickHerbert/mips.vhd \
      EN work/mips 1494372740 CP controller CP datapath
FL C:/Users/pherbert17/Documents/GitHub/ArchitectureFinalPart4/MIPS_CPU_FPGA_AND_SIM_V4PatrickHerbert/mips/mips_address_decoder.vhd 2017/05/09.15:58:09 P.20131013
EN work/addressdec 1494372728 \
      FL C:/Users/pherbert17/Documents/GitHub/ArchitectureFinalPart4/MIPS_CPU_FPGA_AND_SIM_V4PatrickHerbert/mips/mips_address_decoder.vhd \
      PB ieee/std_logic_1164 1381692176
AR work/addressdec/Behavioral 1494372729 \
      FL C:/Users/pherbert17/Documents/GitHub/ArchitectureFinalPart4/MIPS_CPU_FPGA_AND_SIM_V4PatrickHerbert/mips/mips_address_decoder.vhd \
      EN work/addressdec 1494372728
FL C:/Users/pherbert17/Documents/GitHub/ArchitectureFinalPart4/MIPS_CPU_FPGA_AND_SIM_V4PatrickHerbert/mips_alu.vhd 2017/05/09.15:50:25 P.20131013
EN work/alu 1494372730 \
      FL C:/Users/pherbert17/Documents/GitHub/ArchitectureFinalPart4/MIPS_CPU_FPGA_AND_SIM_V4PatrickHerbert/mips_alu.vhd \
      PB ieee/std_logic_1164 1381692176 PB ieee/STD_LOGIC_UNSIGNED 1381692179
AR work/alu/behave 1494372731 \
      FL C:/Users/pherbert17/Documents/GitHub/ArchitectureFinalPart4/MIPS_CPU_FPGA_AND_SIM_V4PatrickHerbert/mips_alu.vhd \
      EN work/alu 1494372730 CP Shiftleft CP ShiftRight
FL C:/Users/pherbert17/Documents/GitHub/ArchitectureFinalPart4/MIPS_CPU_FPGA_AND_SIM_V4PatrickHerbert/mips_building_blocks.vhd 2017/05/09.16:34:57 P.20131013
EN work/regfile 1494372900 \
      FL C:/Users/pherbert17/Documents/GitHub/ArchitectureFinalPart4/MIPS_CPU_FPGA_AND_SIM_V4PatrickHerbert/mips_building_blocks.vhd \
      PB ieee/std_logic_1164 1381692176 PB ieee/STD_LOGIC_UNSIGNED 1381692179 \
      PB ieee/NUMERIC_STD 1381692181
EN work/adder 1494372901 \
      FL C:/Users/pherbert17/Documents/GitHub/ArchitectureFinalPart4/MIPS_CPU_FPGA_AND_SIM_V4PatrickHerbert/mips_building_blocks.vhd \
      PB ieee/std_logic_1164 1381692176 PB ieee/STD_LOGIC_UNSIGNED 1381692179
EN work/sl2 1494372902 \
      FL C:/Users/pherbert17/Documents/GitHub/ArchitectureFinalPart4/MIPS_CPU_FPGA_AND_SIM_V4PatrickHerbert/mips_building_blocks.vhd \
      PB ieee/std_logic_1164 1381692176
EN work/signext 1494372903 \
      FL C:/Users/pherbert17/Documents/GitHub/ArchitectureFinalPart4/MIPS_CPU_FPGA_AND_SIM_V4PatrickHerbert/mips_building_blocks.vhd \
      PB ieee/std_logic_1164 1381692176
EN work/flopr 1494372904 \
      FL C:/Users/pherbert17/Documents/GitHub/ArchitectureFinalPart4/MIPS_CPU_FPGA_AND_SIM_V4PatrickHerbert/mips_building_blocks.vhd \
      PB ieee/std_logic_1164 1381692176 PB ieee/NUMERIC_STD 1381692181
EN work/mux2 1494372905 \
      FL C:/Users/pherbert17/Documents/GitHub/ArchitectureFinalPart4/MIPS_CPU_FPGA_AND_SIM_V4PatrickHerbert/mips_building_blocks.vhd \
      PB ieee/std_logic_1164 1381692176
EN work/mux3 1494372906 \
      FL C:/Users/pherbert17/Documents/GitHub/ArchitectureFinalPart4/MIPS_CPU_FPGA_AND_SIM_V4PatrickHerbert/mips_building_blocks.vhd \
      PB ieee/std_logic_1164 1381692176
EN work/mux2cont 1494372907 \
      FL C:/Users/pherbert17/Documents/GitHub/ArchitectureFinalPart4/MIPS_CPU_FPGA_AND_SIM_V4PatrickHerbert/mips_building_blocks.vhd \
      PB ieee/std_logic_1164 1381692176
EN work/ShiftLeft 1494372908 \
      FL C:/Users/pherbert17/Documents/GitHub/ArchitectureFinalPart4/MIPS_CPU_FPGA_AND_SIM_V4PatrickHerbert/mips_building_blocks.vhd \
      PB ieee/std_logic_1164 1381692176 PB ieee/NUMERIC_STD 1381692181
EN work/ShiftRight 1494372909 \
      FL C:/Users/pherbert17/Documents/GitHub/ArchitectureFinalPart4/MIPS_CPU_FPGA_AND_SIM_V4PatrickHerbert/mips_building_blocks.vhd \
      PB ieee/std_logic_1164 1381692176 PB ieee/NUMERIC_STD 1381692181
AR work/regfile/behave 1494372910 \
      FL C:/Users/pherbert17/Documents/GitHub/ArchitectureFinalPart4/MIPS_CPU_FPGA_AND_SIM_V4PatrickHerbert/mips_building_blocks.vhd \
      EN work/regfile 1494372900
AR work/adder/behave 1494372911 \
      FL C:/Users/pherbert17/Documents/GitHub/ArchitectureFinalPart4/MIPS_CPU_FPGA_AND_SIM_V4PatrickHerbert/mips_building_blocks.vhd \
      EN work/adder 1494372901
AR work/sl2/behave 1494372912 \
      FL C:/Users/pherbert17/Documents/GitHub/ArchitectureFinalPart4/MIPS_CPU_FPGA_AND_SIM_V4PatrickHerbert/mips_building_blocks.vhd \
      EN work/sl2 1494372902
AR work/signext/behave 1494372913 \
      FL C:/Users/pherbert17/Documents/GitHub/ArchitectureFinalPart4/MIPS_CPU_FPGA_AND_SIM_V4PatrickHerbert/mips_building_blocks.vhd \
      EN work/signext 1494372903
AR work/flopr/asynchronous 1494372914 \
      FL C:/Users/pherbert17/Documents/GitHub/ArchitectureFinalPart4/MIPS_CPU_FPGA_AND_SIM_V4PatrickHerbert/mips_building_blocks.vhd \
      EN work/flopr 1494372904
AR work/mux2/behave 1494372915 \
      FL C:/Users/pherbert17/Documents/GitHub/ArchitectureFinalPart4/MIPS_CPU_FPGA_AND_SIM_V4PatrickHerbert/mips_building_blocks.vhd \
      EN work/mux2 1494372905
AR work/mux3/Behavioral 1494372916 \
      FL C:/Users/pherbert17/Documents/GitHub/ArchitectureFinalPart4/MIPS_CPU_FPGA_AND_SIM_V4PatrickHerbert/mips_building_blocks.vhd \
      EN work/mux3 1494372906
AR work/mux2cont/behave 1494372917 \
      FL C:/Users/pherbert17/Documents/GitHub/ArchitectureFinalPart4/MIPS_CPU_FPGA_AND_SIM_V4PatrickHerbert/mips_building_blocks.vhd \
      EN work/mux2cont 1494372907
AR work/ShiftLeft/Behavioral 1494372918 \
      FL C:/Users/pherbert17/Documents/GitHub/ArchitectureFinalPart4/MIPS_CPU_FPGA_AND_SIM_V4PatrickHerbert/mips_building_blocks.vhd \
      EN work/ShiftLeft 1494372908
AR work/ShiftRight/Behavioral 1494372919 \
      FL C:/Users/pherbert17/Documents/GitHub/ArchitectureFinalPart4/MIPS_CPU_FPGA_AND_SIM_V4PatrickHerbert/mips_building_blocks.vhd \
      EN work/ShiftRight 1494372909
EN work/vgatest 1494372920 \
      FL C:/Users/pherbert17/Documents/GitHub/ArchitectureFinalPart4/MIPS_CPU_FPGA_AND_SIM_V4PatrickHerbert/mips_building_blocks.vhd \
      PB ieee/std_logic_1164 1381692176 PB ieee/std_logic_arith 1381692177 \
      PB ieee/STD_LOGIC_UNSIGNED 1381692179
AR work/vgatest/behavioral 1494372921 \
      FL C:/Users/pherbert17/Documents/GitHub/ArchitectureFinalPart4/MIPS_CPU_FPGA_AND_SIM_V4PatrickHerbert/mips_building_blocks.vhd \
      EN work/vgatest 1494372920
EN work/ps2_kbd 1494372922 \
      FL C:/Users/pherbert17/Documents/GitHub/ArchitectureFinalPart4/MIPS_CPU_FPGA_AND_SIM_V4PatrickHerbert/mips_building_blocks.vhd \
      PB ieee/std_logic_1164 1381692176 PB ieee/NUMERIC_STD 1381692181
AR work/ps2_kbd/arch 1494372923 \
      FL C:/Users/pherbert17/Documents/GitHub/ArchitectureFinalPart4/MIPS_CPU_FPGA_AND_SIM_V4PatrickHerbert/mips_building_blocks.vhd \
      EN work/ps2_kbd 1494372922
FL C:/Users/pherbert17/Documents/GitHub/ArchitectureFinalPart4/MIPS_CPU_FPGA_AND_SIM_V4PatrickHerbert/mips_controller.vhd 2017/05/09.15:50:25 P.20131013
EN work/controller 1494372736 \
      FL C:/Users/pherbert17/Documents/GitHub/ArchitectureFinalPart4/MIPS_CPU_FPGA_AND_SIM_V4PatrickHerbert/mips_controller.vhd \
      PB ieee/std_logic_1164 1381692176
AR work/controller/struct 1494372737 \
      FL C:/Users/pherbert17/Documents/GitHub/ArchitectureFinalPart4/MIPS_CPU_FPGA_AND_SIM_V4PatrickHerbert/mips_controller.vhd \
      EN work/controller 1494372736 CP maindec CP aludec CP mux2cont
FL C:/Users/pherbert17/Documents/GitHub/ArchitectureFinalPart4/MIPS_CPU_FPGA_AND_SIM_V4PatrickHerbert/mips_datapath.vhd 2017/05/09.15:55:17 P.20131013
EN work/datapath 1494372738 \
      FL C:/Users/pherbert17/Documents/GitHub/ArchitectureFinalPart4/MIPS_CPU_FPGA_AND_SIM_V4PatrickHerbert/mips_datapath.vhd \
      PB ieee/std_logic_1164 1381692176 PB ieee/NUMERIC_STD 1381692181
AR work/datapath/struct 1494372739 \
      FL C:/Users/pherbert17/Documents/GitHub/ArchitectureFinalPart4/MIPS_CPU_FPGA_AND_SIM_V4PatrickHerbert/mips_datapath.vhd \
      EN work/datapath 1494372738 CP flopr CP adder CP sl2 CP mux2 CP regfile \
      CP signext CP addressdec CP alu
FL C:/Users/pherbert17/Documents/GitHub/ArchitectureFinalPart4/MIPS_CPU_FPGA_AND_SIM_V4PatrickHerbert/mips_decoder_alu.vhd 2017/05/09.15:50:25 P.20131013
EN work/aludec 1494372734 \
      FL C:/Users/pherbert17/Documents/GitHub/ArchitectureFinalPart4/MIPS_CPU_FPGA_AND_SIM_V4PatrickHerbert/mips_decoder_alu.vhd \
      PB ieee/std_logic_1164 1381692176
AR work/aludec/behave 1494372735 \
      FL C:/Users/pherbert17/Documents/GitHub/ArchitectureFinalPart4/MIPS_CPU_FPGA_AND_SIM_V4PatrickHerbert/mips_decoder_alu.vhd \
      EN work/aludec 1494372734
FL C:/Users/pherbert17/Documents/GitHub/ArchitectureFinalPart4/MIPS_CPU_FPGA_AND_SIM_V4PatrickHerbert/mips_decoder_main.vhd 2017/05/09.15:50:25 P.20131013
EN work/maindec 1494372732 \
      FL C:/Users/pherbert17/Documents/GitHub/ArchitectureFinalPart4/MIPS_CPU_FPGA_AND_SIM_V4PatrickHerbert/mips_decoder_main.vhd \
      PB ieee/std_logic_1164 1381692176
AR work/maindec/behave 1494372733 \
      FL C:/Users/pherbert17/Documents/GitHub/ArchitectureFinalPart4/MIPS_CPU_FPGA_AND_SIM_V4PatrickHerbert/mips_decoder_main.vhd \
      EN work/maindec 1494372732
FL C:/Users/pherbert17/Documents/GitHub/ArchitectureFinalPart4/MIPS_CPU_FPGA_AND_SIM_V4PatrickHerbert/mips_fpga_interface.vhd 2017/05/09.15:50:25 P.20131013
EN work/mips_fpga_interface 1494370851 \
      FL C:/Users/pherbert17/Documents/GitHub/ArchitectureFinalPart4/MIPS_CPU_FPGA_AND_SIM_V4PatrickHerbert/mips_fpga_interface.vhd \
      PB ieee/std_logic_1164 1381692176 PB ieee/STD_LOGIC_UNSIGNED 1381692179 \
      PB ieee/NUMERIC_STD 1381692181
AR work/mips_fpga_interface/test_fpga 1494370852 \
      FL C:/Users/pherbert17/Documents/GitHub/ArchitectureFinalPart4/MIPS_CPU_FPGA_AND_SIM_V4PatrickHerbert/mips_fpga_interface.vhd \
      EN work/mips_fpga_interface 1494370851 CP top
FL C:/Users/pherbert17/Documents/GitHub/ArchitectureFinalPart4/MIPS_CPU_FPGA_AND_SIM_V4PatrickHerbert/mips_mem.vhd 2017/05/09.15:50:25 P.20131013
EN work/dmem 1494372742 \
      FL C:/Users/pherbert17/Documents/GitHub/ArchitectureFinalPart4/MIPS_CPU_FPGA_AND_SIM_V4PatrickHerbert/mips_mem.vhd \
      PB ieee/std_logic_1164 1381692176 PB std/TEXTIO 1381692176 \
      PB ieee/STD_LOGIC_UNSIGNED 1381692179 PB ieee/NUMERIC_STD 1381692181
AR work/dmem/behave 1494372743 \
      FL C:/Users/pherbert17/Documents/GitHub/ArchitectureFinalPart4/MIPS_CPU_FPGA_AND_SIM_V4PatrickHerbert/mips_mem.vhd \
      EN work/dmem 1494372742
EN work/imem 1494372744 \
      FL C:/Users/pherbert17/Documents/GitHub/ArchitectureFinalPart4/MIPS_CPU_FPGA_AND_SIM_V4PatrickHerbert/mips_mem.vhd \
      PB ieee/std_logic_1164 1381692176 PB std/TEXTIO 1381692176 \
      PB ieee/STD_LOGIC_UNSIGNED 1381692179 PB ieee/NUMERIC_STD 1381692181
AR work/imem/behave 1494372745 \
      FL C:/Users/pherbert17/Documents/GitHub/ArchitectureFinalPart4/MIPS_CPU_FPGA_AND_SIM_V4PatrickHerbert/mips_mem.vhd \
      EN work/imem 1494372744
FL C:/Users/pherbert17/Documents/GitHub/ArchitectureFinalPart4/MIPS_CPU_FPGA_AND_SIM_V4PatrickHerbert/mips_top.vhd 2017/05/09.16:31:32 P.20131013
EN work/top 1494372746 \
      FL C:/Users/pherbert17/Documents/GitHub/ArchitectureFinalPart4/MIPS_CPU_FPGA_AND_SIM_V4PatrickHerbert/mips_top.vhd \
      PB ieee/std_logic_1164 1381692176 PB ieee/STD_LOGIC_UNSIGNED 1381692179
AR work/top/test 1494372747 \
      FL C:/Users/pherbert17/Documents/GitHub/ArchitectureFinalPart4/MIPS_CPU_FPGA_AND_SIM_V4PatrickHerbert/mips_top.vhd \
      EN work/top 1494372746 CP mips CP ps2_kbd CP vgatest CP imem CP dmem CP mux2
FL "C:/Users/tom herbert/Documents/GitHub/ArchitecturePart2/ArchPart2/MIPS_CPU_FPGA_AND_SIM_V4PatrickHerbert/mips.vhd" 2017/04/20.21:33:23 P.20131013
FL "C:/Users/tom herbert/Documents/GitHub/ArchitecturePart2/ArchPart2/MIPS_CPU_FPGA_AND_SIM_V4PatrickHerbert/mips_alu.vhd" 2017/04/20.21:28:43 P.20131013
FL "C:/Users/tom herbert/Documents/GitHub/ArchitecturePart2/ArchPart2/MIPS_CPU_FPGA_AND_SIM_V4PatrickHerbert/mips_building_blocks.vhd" 2017/04/20.21:08:50 P.20131013
FL "C:/Users/tom herbert/Documents/GitHub/ArchitecturePart2/ArchPart2/MIPS_CPU_FPGA_AND_SIM_V4PatrickHerbert/mips_controller.vhd" 2017/04/20.21:32:49 P.20131013
FL "C:/Users/tom herbert/Documents/GitHub/ArchitecturePart2/ArchPart2/MIPS_CPU_FPGA_AND_SIM_V4PatrickHerbert/mips_datapath.vhd" 2017/04/20.21:29:07 P.20131013
FL "C:/Users/tom herbert/Documents/GitHub/ArchitecturePart2/ArchPart2/MIPS_CPU_FPGA_AND_SIM_V4PatrickHerbert/mips_decoder_alu.vhd" 2017/04/20.21:29:54 P.20131013
FL "C:/Users/tom herbert/Documents/GitHub/ArchitecturePart2/ArchPart2/MIPS_CPU_FPGA_AND_SIM_V4PatrickHerbert/mips_decoder_main.vhd" 2017/04/20.21:08:50 P.20131013
FL "C:/Users/tom herbert/Documents/GitHub/ArchitecturePart2/ArchPart2/MIPS_CPU_FPGA_AND_SIM_V4PatrickHerbert/mips_fpga_interface.vhd" 2017/04/20.21:08:50 P.20131013
FL "C:/Users/tom herbert/Documents/GitHub/ArchitecturePart2/ArchPart2/MIPS_CPU_FPGA_AND_SIM_V4PatrickHerbert/mips_mem.vhd" 2017/04/20.21:08:50 P.20131013
FL "C:/Users/tom herbert/Documents/GitHub/ArchitecturePart2/ArchPart2/MIPS_CPU_FPGA_AND_SIM_V4PatrickHerbert/mips_top.vhd" 2017/04/20.21:08:50 P.20131013
FL "C:/Users/tom herbert/Downloads/selected_files_201744_18257/HW3 NOT FINISHED YET/MIPS_CPU_FPGA_AND_SIM_V4 Patrick Herbert/mips.vhd" 2017/04/04.18:27:50 P.20131013
FL "C:/Users/tom herbert/Downloads/selected_files_201744_18257/HW3 NOT FINISHED YET/MIPS_CPU_FPGA_AND_SIM_V4 Patrick Herbert/mips_alu.vhd" 2017/04/04.18:27:50 P.20131013
FL "C:/Users/tom herbert/Downloads/selected_files_201744_18257/HW3 NOT FINISHED YET/MIPS_CPU_FPGA_AND_SIM_V4 Patrick Herbert/mips_building_blocks.vhd" 2017/04/04.21:07:16 P.20131013
FL "C:/Users/tom herbert/Downloads/selected_files_201744_18257/HW3 NOT FINISHED YET/MIPS_CPU_FPGA_AND_SIM_V4 Patrick Herbert/mips_controller.vhd" 2017/04/04.21:05:09 P.20131013
FL "C:/Users/tom herbert/Downloads/selected_files_201744_18257/HW3 NOT FINISHED YET/MIPS_CPU_FPGA_AND_SIM_V4 Patrick Herbert/mips_datapath.vhd" 2017/04/04.18:27:50 P.20131013
FL "C:/Users/tom herbert/Downloads/selected_files_201744_18257/HW3 NOT FINISHED YET/MIPS_CPU_FPGA_AND_SIM_V4 Patrick Herbert/mips_decoder_alu.vhd" 2017/04/04.19:07:42 P.20131013
FL "C:/Users/tom herbert/Downloads/selected_files_201744_18257/HW3 NOT FINISHED YET/MIPS_CPU_FPGA_AND_SIM_V4 Patrick Herbert/mips_decoder_main.vhd" 2017/04/04.19:07:42 P.20131013
FL "C:/Users/tom herbert/Downloads/selected_files_201744_18257/HW3 NOT FINISHED YET/MIPS_CPU_FPGA_AND_SIM_V4 Patrick Herbert/mips_fpga_interface.vhd" 2017/04/04.18:27:50 P.20131013
FL "C:/Users/tom herbert/Downloads/selected_files_201744_18257/HW3 NOT FINISHED YET/MIPS_CPU_FPGA_AND_SIM_V4 Patrick Herbert/mips_mem.vhd" 2017/04/04.20:33:29 P.20131013
FL "C:/Users/tom herbert/Downloads/selected_files_201744_18257/HW3 NOT FINISHED YET/MIPS_CPU_FPGA_AND_SIM_V4 Patrick Herbert/mips_top.vhd" 2017/04/04.18:27:50 P.20131013
FL "C:/Users/tom herbert/Downloads/selected_files_201744_18257/HW4 Test/MIPS_CPU_FPGA_AND_SIM_V4 Patrick Herbert/mips.vhd" 2017/04/05.20:26:01 P.20131013
FL "C:/Users/tom herbert/Downloads/selected_files_201744_18257/HW4 Test/MIPS_CPU_FPGA_AND_SIM_V4 Patrick Herbert/mips_alu.vhd" 2017/04/05.18:36:59 P.20131013
FL "C:/Users/tom herbert/Downloads/selected_files_201744_18257/HW4 Test/MIPS_CPU_FPGA_AND_SIM_V4 Patrick Herbert/mips_building_blocks.vhd" 2017/04/05.19:12:53 P.20131013
FL "C:/Users/tom herbert/Downloads/selected_files_201744_18257/HW4 Test/MIPS_CPU_FPGA_AND_SIM_V4 Patrick Herbert/mips_controller.vhd" 2017/04/05.20:08:33 P.20131013
FL "C:/Users/tom herbert/Downloads/selected_files_201744_18257/HW4 Test/MIPS_CPU_FPGA_AND_SIM_V4 Patrick Herbert/mips_datapath.vhd" 2017/04/05.20:27:32 P.20131013
FL "C:/Users/tom herbert/Downloads/selected_files_201744_18257/HW4 Test/MIPS_CPU_FPGA_AND_SIM_V4 Patrick Herbert/mips_decoder_alu.vhd" 2017/04/05.18:38:11 P.20131013
FL "C:/Users/tom herbert/Downloads/selected_files_201744_18257/HW4 Test/MIPS_CPU_FPGA_AND_SIM_V4 Patrick Herbert/mips_decoder_main.vhd" 2017/04/05.20:09:46 P.20131013
FL "C:/Users/tom herbert/Downloads/selected_files_201744_18257/HW4 Test/MIPS_CPU_FPGA_AND_SIM_V4 Patrick Herbert/mips_fpga_interface.vhd" 2017/04/04.18:27:50 P.20131013
FL "C:/Users/tom herbert/Downloads/selected_files_201744_18257/HW4 Test/MIPS_CPU_FPGA_AND_SIM_V4 Patrick Herbert/mips_mem.vhd" 2017/04/04.20:33:29 P.20131013
FL "C:/Users/tom herbert/Downloads/selected_files_201744_18257/HW4 Test/MIPS_CPU_FPGA_AND_SIM_V4 Patrick Herbert/mips_top.vhd" 2017/04/05.20:15:54 P.20131013
FL "C:/Users/tom herbert/Downloads/selected_files_201744_18257/HW4Test/MIPS_CPU_FPGA_AND_SIM_V4 Patrick Herbert/mips.vhd" 2017/04/05.20:37:21 P.20131013
FL "C:/Users/tom herbert/Downloads/selected_files_201744_18257/HW4Test/MIPS_CPU_FPGA_AND_SIM_V4 Patrick Herbert/mips_alu.vhd" 2017/04/05.22:12:57 P.20131013
FL "C:/Users/tom herbert/Downloads/selected_files_201744_18257/HW4Test/MIPS_CPU_FPGA_AND_SIM_V4 Patrick Herbert/mips_building_blocks.vhd" 2017/04/05.21:00:09 P.20131013
FL "C:/Users/tom herbert/Downloads/selected_files_201744_18257/HW4Test/MIPS_CPU_FPGA_AND_SIM_V4 Patrick Herbert/mips_controller.vhd" 2017/04/05.20:38:05 P.20131013
FL "C:/Users/tom herbert/Downloads/selected_files_201744_18257/HW4Test/MIPS_CPU_FPGA_AND_SIM_V4 Patrick Herbert/mips_datapath.vhd" 2017/04/05.22:34:25 P.20131013
FL "C:/Users/tom herbert/Downloads/selected_files_201744_18257/HW4Test/MIPS_CPU_FPGA_AND_SIM_V4 Patrick Herbert/mips_decoder_alu.vhd" 2017/04/05.21:04:37 P.20131013
FL "C:/Users/tom herbert/Downloads/selected_files_201744_18257/HW4Test/MIPS_CPU_FPGA_AND_SIM_V4 Patrick Herbert/mips_decoder_main.vhd" 2017/04/05.20:38:54 P.20131013
FL "C:/Users/tom herbert/Downloads/selected_files_201744_18257/HW4Test/MIPS_CPU_FPGA_AND_SIM_V4 Patrick Herbert/mips_fpga_interface.vhd" 2017/04/04.18:27:50 P.20131013
FL "C:/Users/tom herbert/Downloads/selected_files_201744_18257/HW4Test/MIPS_CPU_FPGA_AND_SIM_V4 Patrick Herbert/mips_mem.vhd" 2017/04/05.21:42:03 P.20131013
FL "C:/Users/tom herbert/Downloads/selected_files_201744_18257/HW4Test/MIPS_CPU_FPGA_AND_SIM_V4 Patrick Herbert/mips_top.vhd" 2017/04/05.20:15:54 P.20131013
