V3 128
FL "//cs1/2017/pherbert17/CS401-1/HW4TestNotFinishedYet/MIPS_CPU_FPGA_AND_SIM_V4 Patrick Herbert/mips.vhd" 2017/04/05.22:58:47 P.20131013
FL "//cs1/2017/pherbert17/CS401-1/HW4TestNotFinishedYet/MIPS_CPU_FPGA_AND_SIM_V4 Patrick Herbert/mips_alu.vhd" 2017/04/06.10:30:12 P.20131013
FL "//cs1/2017/pherbert17/CS401-1/HW4TestNotFinishedYet/MIPS_CPU_FPGA_AND_SIM_V4 Patrick Herbert/mips_building_blocks.vhd" 2017/04/05.22:58:47 P.20131013
FL "//cs1/2017/pherbert17/CS401-1/HW4TestNotFinishedYet/MIPS_CPU_FPGA_AND_SIM_V4 Patrick Herbert/mips_controller.vhd" 2017/04/05.22:58:47 P.20131013
FL "//cs1/2017/pherbert17/CS401-1/HW4TestNotFinishedYet/MIPS_CPU_FPGA_AND_SIM_V4 Patrick Herbert/mips_datapath.vhd" 2017/04/06.09:37:40 P.20131013
FL "//cs1/2017/pherbert17/CS401-1/HW4TestNotFinishedYet/MIPS_CPU_FPGA_AND_SIM_V4 Patrick Herbert/mips_decoder_alu.vhd" 2017/04/05.22:58:47 P.20131013
FL "//cs1/2017/pherbert17/CS401-1/HW4TestNotFinishedYet/MIPS_CPU_FPGA_AND_SIM_V4 Patrick Herbert/mips_decoder_main.vhd" 2017/04/06.10:30:12 P.20131013
FL "//cs1/2017/pherbert17/CS401-1/HW4TestNotFinishedYet/MIPS_CPU_FPGA_AND_SIM_V4 Patrick Herbert/mips_fpga_interface.vhd" 2017/04/05.22:58:48 P.20131013
FL "//cs1/2017/pherbert17/CS401-1/HW4TestNotFinishedYet/MIPS_CPU_FPGA_AND_SIM_V4 Patrick Herbert/mips_mem.vhd" 2017/04/05.22:58:48 P.20131013
FL "//cs1/2017/pherbert17/CS401-1/HW4TestNotFinishedYet/MIPS_CPU_FPGA_AND_SIM_V4 Patrick Herbert/mips_top.vhd" 2017/04/05.22:58:48 P.20131013
FL C:/Users/pherbert17/Documents/GitHub/ArchitectureFinalPart4/MIPS_CPU_FPGA_AND_SIM_V4PatrickHerbert/mips.vhd 2017/05/17.16:48:02 P.20131013
EN work/mips 1495067224 \
      FL C:/Users/pherbert17/Documents/GitHub/ArchitectureFinalPart4/MIPS_CPU_FPGA_AND_SIM_V4PatrickHerbert/mips.vhd \
      PB ieee/std_logic_1164 1381692176
AR work/mips/struct 1495067225 \
      FL C:/Users/pherbert17/Documents/GitHub/ArchitectureFinalPart4/MIPS_CPU_FPGA_AND_SIM_V4PatrickHerbert/mips.vhd \
      EN work/mips 1495067224 CP controller CP datapath
FL C:/Users/pherbert17/Documents/GitHub/ArchitectureFinalPart4/MIPS_CPU_FPGA_AND_SIM_V4PatrickHerbert/mips/mips_address_decoder.vhd 2017/05/16.23:10:04 P.20131013
EN work/addressdec 1495067212 \
      FL C:/Users/pherbert17/Documents/GitHub/ArchitectureFinalPart4/MIPS_CPU_FPGA_AND_SIM_V4PatrickHerbert/mips/mips_address_decoder.vhd \
      PB ieee/std_logic_1164 1381692176
AR work/addressdec/Behavioral 1495067213 \
      FL C:/Users/pherbert17/Documents/GitHub/ArchitectureFinalPart4/MIPS_CPU_FPGA_AND_SIM_V4PatrickHerbert/mips/mips_address_decoder.vhd \
      EN work/addressdec 1495067212
FL C:/Users/pherbert17/Documents/GitHub/ArchitectureFinalPart4/MIPS_CPU_FPGA_AND_SIM_V4PatrickHerbert/mips_alu.vhd 2017/05/10.15:31:32 P.20131013
EN work/alu 1495067214 \
      FL C:/Users/pherbert17/Documents/GitHub/ArchitectureFinalPart4/MIPS_CPU_FPGA_AND_SIM_V4PatrickHerbert/mips_alu.vhd \
      PB ieee/std_logic_1164 1381692176 PB ieee/STD_LOGIC_UNSIGNED 1381692179
AR work/alu/behave 1495067215 \
      FL C:/Users/pherbert17/Documents/GitHub/ArchitectureFinalPart4/MIPS_CPU_FPGA_AND_SIM_V4PatrickHerbert/mips_alu.vhd \
      EN work/alu 1495067214 CP Shiftleft CP ShiftRight
FL C:/Users/pherbert17/Documents/GitHub/ArchitectureFinalPart4/MIPS_CPU_FPGA_AND_SIM_V4PatrickHerbert/mips_building_blocks.vhd 2017/05/17.17:26:22 P.20131013
EN work/regfile 1495067188 \
      FL C:/Users/pherbert17/Documents/GitHub/ArchitectureFinalPart4/MIPS_CPU_FPGA_AND_SIM_V4PatrickHerbert/mips_building_blocks.vhd \
      PB ieee/std_logic_1164 1381692176 PB ieee/STD_LOGIC_UNSIGNED 1381692179 \
      PB ieee/NUMERIC_STD 1381692181
EN work/adder 1495067189 \
      FL C:/Users/pherbert17/Documents/GitHub/ArchitectureFinalPart4/MIPS_CPU_FPGA_AND_SIM_V4PatrickHerbert/mips_building_blocks.vhd \
      PB ieee/std_logic_1164 1381692176 PB ieee/STD_LOGIC_UNSIGNED 1381692179
EN work/sl2 1495067190 \
      FL C:/Users/pherbert17/Documents/GitHub/ArchitectureFinalPart4/MIPS_CPU_FPGA_AND_SIM_V4PatrickHerbert/mips_building_blocks.vhd \
      PB ieee/std_logic_1164 1381692176
EN work/signext 1495067191 \
      FL C:/Users/pherbert17/Documents/GitHub/ArchitectureFinalPart4/MIPS_CPU_FPGA_AND_SIM_V4PatrickHerbert/mips_building_blocks.vhd \
      PB ieee/std_logic_1164 1381692176
EN work/flopr 1495067192 \
      FL C:/Users/pherbert17/Documents/GitHub/ArchitectureFinalPart4/MIPS_CPU_FPGA_AND_SIM_V4PatrickHerbert/mips_building_blocks.vhd \
      PB ieee/std_logic_1164 1381692176 PB ieee/NUMERIC_STD 1381692181
EN work/mux2 1495067193 \
      FL C:/Users/pherbert17/Documents/GitHub/ArchitectureFinalPart4/MIPS_CPU_FPGA_AND_SIM_V4PatrickHerbert/mips_building_blocks.vhd \
      PB ieee/std_logic_1164 1381692176
EN work/mux3 1495067194 \
      FL C:/Users/pherbert17/Documents/GitHub/ArchitectureFinalPart4/MIPS_CPU_FPGA_AND_SIM_V4PatrickHerbert/mips_building_blocks.vhd \
      PB ieee/std_logic_1164 1381692176
EN work/mux2cont 1495067195 \
      FL C:/Users/pherbert17/Documents/GitHub/ArchitectureFinalPart4/MIPS_CPU_FPGA_AND_SIM_V4PatrickHerbert/mips_building_blocks.vhd \
      PB ieee/std_logic_1164 1381692176
EN work/ShiftLeft 1495067196 \
      FL C:/Users/pherbert17/Documents/GitHub/ArchitectureFinalPart4/MIPS_CPU_FPGA_AND_SIM_V4PatrickHerbert/mips_building_blocks.vhd \
      PB ieee/std_logic_1164 1381692176 PB ieee/NUMERIC_STD 1381692181
EN work/ShiftRight 1495067197 \
      FL C:/Users/pherbert17/Documents/GitHub/ArchitectureFinalPart4/MIPS_CPU_FPGA_AND_SIM_V4PatrickHerbert/mips_building_blocks.vhd \
      PB ieee/std_logic_1164 1381692176 PB ieee/NUMERIC_STD 1381692181
AR work/regfile/behave 1495067198 \
      FL C:/Users/pherbert17/Documents/GitHub/ArchitectureFinalPart4/MIPS_CPU_FPGA_AND_SIM_V4PatrickHerbert/mips_building_blocks.vhd \
      EN work/regfile 1495067188
AR work/adder/behave 1495067199 \
      FL C:/Users/pherbert17/Documents/GitHub/ArchitectureFinalPart4/MIPS_CPU_FPGA_AND_SIM_V4PatrickHerbert/mips_building_blocks.vhd \
      EN work/adder 1495067189
AR work/sl2/behave 1495067200 \
      FL C:/Users/pherbert17/Documents/GitHub/ArchitectureFinalPart4/MIPS_CPU_FPGA_AND_SIM_V4PatrickHerbert/mips_building_blocks.vhd \
      EN work/sl2 1495067190
AR work/signext/behave 1495067201 \
      FL C:/Users/pherbert17/Documents/GitHub/ArchitectureFinalPart4/MIPS_CPU_FPGA_AND_SIM_V4PatrickHerbert/mips_building_blocks.vhd \
      EN work/signext 1495067191
AR work/flopr/asynchronous 1495067202 \
      FL C:/Users/pherbert17/Documents/GitHub/ArchitectureFinalPart4/MIPS_CPU_FPGA_AND_SIM_V4PatrickHerbert/mips_building_blocks.vhd \
      EN work/flopr 1495067192
AR work/mux2/behave 1495067203 \
      FL C:/Users/pherbert17/Documents/GitHub/ArchitectureFinalPart4/MIPS_CPU_FPGA_AND_SIM_V4PatrickHerbert/mips_building_blocks.vhd \
      EN work/mux2 1495067193
AR work/mux3/Behavioral 1495067204 \
      FL C:/Users/pherbert17/Documents/GitHub/ArchitectureFinalPart4/MIPS_CPU_FPGA_AND_SIM_V4PatrickHerbert/mips_building_blocks.vhd \
      EN work/mux3 1495067194
AR work/mux2cont/behave 1495067205 \
      FL C:/Users/pherbert17/Documents/GitHub/ArchitectureFinalPart4/MIPS_CPU_FPGA_AND_SIM_V4PatrickHerbert/mips_building_blocks.vhd \
      EN work/mux2cont 1495067195
AR work/ShiftLeft/Behavioral 1495067206 \
      FL C:/Users/pherbert17/Documents/GitHub/ArchitectureFinalPart4/MIPS_CPU_FPGA_AND_SIM_V4PatrickHerbert/mips_building_blocks.vhd \
      EN work/ShiftLeft 1495067196
AR work/ShiftRight/Behavioral 1495067207 \
      FL C:/Users/pherbert17/Documents/GitHub/ArchitectureFinalPart4/MIPS_CPU_FPGA_AND_SIM_V4PatrickHerbert/mips_building_blocks.vhd \
      EN work/ShiftRight 1495067197
EN work/vgatest 1495067208 \
      FL C:/Users/pherbert17/Documents/GitHub/ArchitectureFinalPart4/MIPS_CPU_FPGA_AND_SIM_V4PatrickHerbert/mips_building_blocks.vhd \
      PB ieee/std_logic_1164 1381692176 PB ieee/std_logic_arith 1381692177 \
      PB ieee/STD_LOGIC_UNSIGNED 1381692179
AR work/vgatest/behavioral 1495067209 \
      FL C:/Users/pherbert17/Documents/GitHub/ArchitectureFinalPart4/MIPS_CPU_FPGA_AND_SIM_V4PatrickHerbert/mips_building_blocks.vhd \
      EN work/vgatest 1495067208
EN work/ps2_kbd 1495067210 \
      FL C:/Users/pherbert17/Documents/GitHub/ArchitectureFinalPart4/MIPS_CPU_FPGA_AND_SIM_V4PatrickHerbert/mips_building_blocks.vhd \
      PB ieee/std_logic_1164 1381692176 PB ieee/NUMERIC_STD 1381692181
AR work/ps2_kbd/arch 1495067211 \
      FL C:/Users/pherbert17/Documents/GitHub/ArchitectureFinalPart4/MIPS_CPU_FPGA_AND_SIM_V4PatrickHerbert/mips_building_blocks.vhd \
      EN work/ps2_kbd 1495067210
FL C:/Users/pherbert17/Documents/GitHub/ArchitectureFinalPart4/MIPS_CPU_FPGA_AND_SIM_V4PatrickHerbert/mips_controller.vhd 2017/05/10.15:31:32 P.20131013
EN work/controller 1495067220 \
      FL C:/Users/pherbert17/Documents/GitHub/ArchitectureFinalPart4/MIPS_CPU_FPGA_AND_SIM_V4PatrickHerbert/mips_controller.vhd \
      PB ieee/std_logic_1164 1381692176
AR work/controller/struct 1495067221 \
      FL C:/Users/pherbert17/Documents/GitHub/ArchitectureFinalPart4/MIPS_CPU_FPGA_AND_SIM_V4PatrickHerbert/mips_controller.vhd \
      EN work/controller 1495067220 CP maindec CP aludec CP mux2cont
FL C:/Users/pherbert17/Documents/GitHub/ArchitectureFinalPart4/MIPS_CPU_FPGA_AND_SIM_V4PatrickHerbert/mips_datapath.vhd 2017/05/17.16:48:02 P.20131013
EN work/datapath 1495067222 \
      FL C:/Users/pherbert17/Documents/GitHub/ArchitectureFinalPart4/MIPS_CPU_FPGA_AND_SIM_V4PatrickHerbert/mips_datapath.vhd \
      PB ieee/std_logic_1164 1381692176 PB ieee/NUMERIC_STD 1381692181
AR work/datapath/struct 1495067223 \
      FL C:/Users/pherbert17/Documents/GitHub/ArchitectureFinalPart4/MIPS_CPU_FPGA_AND_SIM_V4PatrickHerbert/mips_datapath.vhd \
      EN work/datapath 1495067222 CP flopr CP adder CP sl2 CP mux2 CP regfile \
      CP signext CP addressdec CP alu
FL C:/Users/pherbert17/Documents/GitHub/ArchitectureFinalPart4/MIPS_CPU_FPGA_AND_SIM_V4PatrickHerbert/mips_decoder_alu.vhd 2017/05/10.15:31:32 P.20131013
EN work/aludec 1495067218 \
      FL C:/Users/pherbert17/Documents/GitHub/ArchitectureFinalPart4/MIPS_CPU_FPGA_AND_SIM_V4PatrickHerbert/mips_decoder_alu.vhd \
      PB ieee/std_logic_1164 1381692176
AR work/aludec/behave 1495067219 \
      FL C:/Users/pherbert17/Documents/GitHub/ArchitectureFinalPart4/MIPS_CPU_FPGA_AND_SIM_V4PatrickHerbert/mips_decoder_alu.vhd \
      EN work/aludec 1495067218
FL C:/Users/pherbert17/Documents/GitHub/ArchitectureFinalPart4/MIPS_CPU_FPGA_AND_SIM_V4PatrickHerbert/mips_decoder_main.vhd 2017/05/10.15:31:32 P.20131013
EN work/maindec 1495067216 \
      FL C:/Users/pherbert17/Documents/GitHub/ArchitectureFinalPart4/MIPS_CPU_FPGA_AND_SIM_V4PatrickHerbert/mips_decoder_main.vhd \
      PB ieee/std_logic_1164 1381692176
AR work/maindec/behave 1495067217 \
      FL C:/Users/pherbert17/Documents/GitHub/ArchitectureFinalPart4/MIPS_CPU_FPGA_AND_SIM_V4PatrickHerbert/mips_decoder_main.vhd \
      EN work/maindec 1495067216
FL C:/Users/pherbert17/Documents/GitHub/ArchitectureFinalPart4/MIPS_CPU_FPGA_AND_SIM_V4PatrickHerbert/mips_fpga_interface.vhd 2017/05/16.16:57:18 P.20131013
EN work/mips_fpga_interface 1495067232 \
      FL C:/Users/pherbert17/Documents/GitHub/ArchitectureFinalPart4/MIPS_CPU_FPGA_AND_SIM_V4PatrickHerbert/mips_fpga_interface.vhd \
      PB ieee/std_logic_1164 1381692176 PB ieee/STD_LOGIC_UNSIGNED 1381692179 \
      PB ieee/NUMERIC_STD 1381692181
AR work/mips_fpga_interface/test_fpga 1495067233 \
      FL C:/Users/pherbert17/Documents/GitHub/ArchitectureFinalPart4/MIPS_CPU_FPGA_AND_SIM_V4PatrickHerbert/mips_fpga_interface.vhd \
      EN work/mips_fpga_interface 1495067232 CP top
FL C:/Users/pherbert17/Documents/GitHub/ArchitectureFinalPart4/MIPS_CPU_FPGA_AND_SIM_V4PatrickHerbert/mips_mem.vhd 2017/05/16.22:31:23 P.20131013
EN work/dmem 1495067226 \
      FL C:/Users/pherbert17/Documents/GitHub/ArchitectureFinalPart4/MIPS_CPU_FPGA_AND_SIM_V4PatrickHerbert/mips_mem.vhd \
      PB ieee/std_logic_1164 1381692176 PB std/TEXTIO 1381692176 \
      PB ieee/STD_LOGIC_UNSIGNED 1381692179 PB ieee/NUMERIC_STD 1381692181
AR work/dmem/behave 1495067227 \
      FL C:/Users/pherbert17/Documents/GitHub/ArchitectureFinalPart4/MIPS_CPU_FPGA_AND_SIM_V4PatrickHerbert/mips_mem.vhd \
      EN work/dmem 1495067226
EN work/imem 1495067228 \
      FL C:/Users/pherbert17/Documents/GitHub/ArchitectureFinalPart4/MIPS_CPU_FPGA_AND_SIM_V4PatrickHerbert/mips_mem.vhd \
      PB ieee/std_logic_1164 1381692176 PB std/TEXTIO 1381692176 \
      PB ieee/STD_LOGIC_UNSIGNED 1381692179 PB ieee/NUMERIC_STD 1381692181
AR work/imem/behave 1495067229 \
      FL C:/Users/pherbert17/Documents/GitHub/ArchitectureFinalPart4/MIPS_CPU_FPGA_AND_SIM_V4PatrickHerbert/mips_mem.vhd \
      EN work/imem 1495067228
FL C:/Users/pherbert17/Documents/GitHub/ArchitectureFinalPart4/MIPS_CPU_FPGA_AND_SIM_V4PatrickHerbert/mips_top.vhd 2017/05/17.16:47:57 P.20131013
EN work/top 1495067230 \
      FL C:/Users/pherbert17/Documents/GitHub/ArchitectureFinalPart4/MIPS_CPU_FPGA_AND_SIM_V4PatrickHerbert/mips_top.vhd \
      PB ieee/std_logic_1164 1381692176 PB ieee/STD_LOGIC_UNSIGNED 1381692179
AR work/top/test 1495067231 \
      FL C:/Users/pherbert17/Documents/GitHub/ArchitectureFinalPart4/MIPS_CPU_FPGA_AND_SIM_V4PatrickHerbert/mips_top.vhd \
      EN work/top 1495067230 CP mips CP ps2_kbd CP vgatest CP imem CP dmem CP mux2
FL "C:/Users/tom herbert/Documents/GitHub/ArchitecturePart2/ArchPart2/MIPS_CPU_FPGA_AND_SIM_V4PatrickHerbert/mips.vhd" 2017/04/20.21:33:23 P.20131013
FL "C:/Users/tom herbert/Documents/GitHub/ArchitecturePart2/ArchPart2/MIPS_CPU_FPGA_AND_SIM_V4PatrickHerbert/mips_alu.vhd" 2017/04/20.21:28:43 P.20131013
FL "C:/Users/tom herbert/Documents/GitHub/ArchitecturePart2/ArchPart2/MIPS_CPU_FPGA_AND_SIM_V4PatrickHerbert/mips_building_blocks.vhd" 2017/04/20.21:08:50 P.20131013
FL "C:/Users/tom herbert/Documents/GitHub/ArchitecturePart2/ArchPart2/MIPS_CPU_FPGA_AND_SIM_V4PatrickHerbert/mips_controller.vhd" 2017/04/20.21:32:49 P.20131013
FL "C:/Users/tom herbert/Documents/GitHub/ArchitecturePart2/ArchPart2/MIPS_CPU_FPGA_AND_SIM_V4PatrickHerbert/mips_datapath.vhd" 2017/04/20.21:29:07 P.20131013
FL "C:/Users/tom herbert/Documents/GitHub/ArchitecturePart2/ArchPart2/MIPS_CPU_FPGA_AND_SIM_V4PatrickHerbert/mips_decoder_alu.vhd" 2017/04/20.21:29:54 P.20131013
FL "C:/Users/tom herbert/Documents/GitHub/ArchitecturePart2/ArchPart2/MIPS_CPU_FPGA_AND_SIM_V4PatrickHerbert/mips_decoder_main.vhd" 2017/04/20.21:08:50 P.20131013
FL "C:/Users/tom herbert/Documents/GitHub/ArchitecturePart2/ArchPart2/MIPS_CPU_FPGA_AND_SIM_V4PatrickHerbert/mips_fpga_interface.vhd" 2017/04/20.21:08:50 P.20131013
FL "C:/Users/tom herbert/Documents/GitHub/ArchitecturePart2/ArchPart2/MIPS_CPU_FPGA_AND_SIM_V4PatrickHerbert/mips_mem.vhd" 2017/04/20.21:08:50 P.20131013
FL "C:/Users/tom herbert/Documents/GitHub/ArchitecturePart2/ArchPart2/MIPS_CPU_FPGA_AND_SIM_V4PatrickHerbert/mips_top.vhd" 2017/04/20.21:08:50 P.20131013
FL "C:/Users/tom herbert/Downloads/selected_files_201744_18257/HW3 NOT FINISHED YET/MIPS_CPU_FPGA_AND_SIM_V4 Patrick Herbert/mips.vhd" 2017/04/04.18:27:50 P.20131013
FL "C:/Users/tom herbert/Downloads/selected_files_201744_18257/HW3 NOT FINISHED YET/MIPS_CPU_FPGA_AND_SIM_V4 Patrick Herbert/mips_alu.vhd" 2017/04/04.18:27:50 P.20131013
FL "C:/Users/tom herbert/Downloads/selected_files_201744_18257/HW3 NOT FINISHED YET/MIPS_CPU_FPGA_AND_SIM_V4 Patrick Herbert/mips_building_blocks.vhd" 2017/04/04.21:07:16 P.20131013
FL "C:/Users/tom herbert/Downloads/selected_files_201744_18257/HW3 NOT FINISHED YET/MIPS_CPU_FPGA_AND_SIM_V4 Patrick Herbert/mips_controller.vhd" 2017/04/04.21:05:09 P.20131013
FL "C:/Users/tom herbert/Downloads/selected_files_201744_18257/HW3 NOT FINISHED YET/MIPS_CPU_FPGA_AND_SIM_V4 Patrick Herbert/mips_datapath.vhd" 2017/04/04.18:27:50 P.20131013
FL "C:/Users/tom herbert/Downloads/selected_files_201744_18257/HW3 NOT FINISHED YET/MIPS_CPU_FPGA_AND_SIM_V4 Patrick Herbert/mips_decoder_alu.vhd" 2017/04/04.19:07:42 P.20131013
FL "C:/Users/tom herbert/Downloads/selected_files_201744_18257/HW3 NOT FINISHED YET/MIPS_CPU_FPGA_AND_SIM_V4 Patrick Herbert/mips_decoder_main.vhd" 2017/04/04.19:07:42 P.20131013
FL "C:/Users/tom herbert/Downloads/selected_files_201744_18257/HW3 NOT FINISHED YET/MIPS_CPU_FPGA_AND_SIM_V4 Patrick Herbert/mips_fpga_interface.vhd" 2017/04/04.18:27:50 P.20131013
FL "C:/Users/tom herbert/Downloads/selected_files_201744_18257/HW3 NOT FINISHED YET/MIPS_CPU_FPGA_AND_SIM_V4 Patrick Herbert/mips_mem.vhd" 2017/04/04.20:33:29 P.20131013
FL "C:/Users/tom herbert/Downloads/selected_files_201744_18257/HW3 NOT FINISHED YET/MIPS_CPU_FPGA_AND_SIM_V4 Patrick Herbert/mips_top.vhd" 2017/04/04.18:27:50 P.20131013
FL "C:/Users/tom herbert/Downloads/selected_files_201744_18257/HW4 Test/MIPS_CPU_FPGA_AND_SIM_V4 Patrick Herbert/mips.vhd" 2017/04/05.20:26:01 P.20131013
FL "C:/Users/tom herbert/Downloads/selected_files_201744_18257/HW4 Test/MIPS_CPU_FPGA_AND_SIM_V4 Patrick Herbert/mips_alu.vhd" 2017/04/05.18:36:59 P.20131013
FL "C:/Users/tom herbert/Downloads/selected_files_201744_18257/HW4 Test/MIPS_CPU_FPGA_AND_SIM_V4 Patrick Herbert/mips_building_blocks.vhd" 2017/04/05.19:12:53 P.20131013
FL "C:/Users/tom herbert/Downloads/selected_files_201744_18257/HW4 Test/MIPS_CPU_FPGA_AND_SIM_V4 Patrick Herbert/mips_controller.vhd" 2017/04/05.20:08:33 P.20131013
FL "C:/Users/tom herbert/Downloads/selected_files_201744_18257/HW4 Test/MIPS_CPU_FPGA_AND_SIM_V4 Patrick Herbert/mips_datapath.vhd" 2017/04/05.20:27:32 P.20131013
FL "C:/Users/tom herbert/Downloads/selected_files_201744_18257/HW4 Test/MIPS_CPU_FPGA_AND_SIM_V4 Patrick Herbert/mips_decoder_alu.vhd" 2017/04/05.18:38:11 P.20131013
FL "C:/Users/tom herbert/Downloads/selected_files_201744_18257/HW4 Test/MIPS_CPU_FPGA_AND_SIM_V4 Patrick Herbert/mips_decoder_main.vhd" 2017/04/05.20:09:46 P.20131013
FL "C:/Users/tom herbert/Downloads/selected_files_201744_18257/HW4 Test/MIPS_CPU_FPGA_AND_SIM_V4 Patrick Herbert/mips_fpga_interface.vhd" 2017/04/04.18:27:50 P.20131013
FL "C:/Users/tom herbert/Downloads/selected_files_201744_18257/HW4 Test/MIPS_CPU_FPGA_AND_SIM_V4 Patrick Herbert/mips_mem.vhd" 2017/04/04.20:33:29 P.20131013
FL "C:/Users/tom herbert/Downloads/selected_files_201744_18257/HW4 Test/MIPS_CPU_FPGA_AND_SIM_V4 Patrick Herbert/mips_top.vhd" 2017/04/05.20:15:54 P.20131013
FL "C:/Users/tom herbert/Downloads/selected_files_201744_18257/HW4Test/MIPS_CPU_FPGA_AND_SIM_V4 Patrick Herbert/mips.vhd" 2017/04/05.20:37:21 P.20131013
FL "C:/Users/tom herbert/Downloads/selected_files_201744_18257/HW4Test/MIPS_CPU_FPGA_AND_SIM_V4 Patrick Herbert/mips_alu.vhd" 2017/04/05.22:12:57 P.20131013
FL "C:/Users/tom herbert/Downloads/selected_files_201744_18257/HW4Test/MIPS_CPU_FPGA_AND_SIM_V4 Patrick Herbert/mips_building_blocks.vhd" 2017/04/05.21:00:09 P.20131013
FL "C:/Users/tom herbert/Downloads/selected_files_201744_18257/HW4Test/MIPS_CPU_FPGA_AND_SIM_V4 Patrick Herbert/mips_controller.vhd" 2017/04/05.20:38:05 P.20131013
FL "C:/Users/tom herbert/Downloads/selected_files_201744_18257/HW4Test/MIPS_CPU_FPGA_AND_SIM_V4 Patrick Herbert/mips_datapath.vhd" 2017/04/05.22:34:25 P.20131013
FL "C:/Users/tom herbert/Downloads/selected_files_201744_18257/HW4Test/MIPS_CPU_FPGA_AND_SIM_V4 Patrick Herbert/mips_decoder_alu.vhd" 2017/04/05.21:04:37 P.20131013
FL "C:/Users/tom herbert/Downloads/selected_files_201744_18257/HW4Test/MIPS_CPU_FPGA_AND_SIM_V4 Patrick Herbert/mips_decoder_main.vhd" 2017/04/05.20:38:54 P.20131013
FL "C:/Users/tom herbert/Downloads/selected_files_201744_18257/HW4Test/MIPS_CPU_FPGA_AND_SIM_V4 Patrick Herbert/mips_fpga_interface.vhd" 2017/04/04.18:27:50 P.20131013
FL "C:/Users/tom herbert/Downloads/selected_files_201744_18257/HW4Test/MIPS_CPU_FPGA_AND_SIM_V4 Patrick Herbert/mips_mem.vhd" 2017/04/05.21:42:03 P.20131013
FL "C:/Users/tom herbert/Downloads/selected_files_201744_18257/HW4Test/MIPS_CPU_FPGA_AND_SIM_V4 Patrick Herbert/mips_top.vhd" 2017/04/05.20:15:54 P.20131013
