#-----------------------------------------------------------
# PlanAhead v11.4
# Build 52232 by hdbuild on Fri Nov  6 19:12:51 PST 2009
# Start of session at: 3/25/10 10:46:52 AM
# Process ID: 3088
#-----------------------------------------------------------
source C:/Users/kjones/Desktop/DUAL_PORT_VGA_V3/dualporttst/XSA/3S1000/test_dualport/pa.fromHdl.tcl
# hdi::project new -name test_dualport -dir C:/Users/kjones/Desktop/DUAL_PORT_VGA_V3/dualporttst/XSA/3S1000/test_dualport/planAhead_run_1
# hdi::project setArch -name test_dualport -arch spartan3
# hdi::design setOptions -project test_dualport -top test_dualport
# hdi::param set -name project.paUcfFile -svalue test_dualport.ucf
# hdi::floorplan new -name floorplan_1 -part xc3s1000ft256-4 -project test_dualport
# hdi::port import -project test_dualport -vhdl ../../../XS_LIB/common.vhd work -vhdl ../../../XS_LIB/sdramcntl.vhd work -vhdl ../../XSA_LIB/xsasdramcntl.vhd work -vhdl ../../XSA_LIB/vga.vhd work -vhdl ../../XSA_LIB/test_dualport_core.vhd work -vhdl test_dualport.vhd work
#-----------------------------------------------------------
# End of session at: 3/25/10 10:47:28 AM
# Process ID: 3088
#-----------------------------------------------------------
