PH sdram NULL C:/CS401/SIMPLE_VGA_SDRAM_V2/VGA_TO_SDRAM_INTERFACE/sdramcntl.vhd sub00/vhpl02 1394093584
AR vga vga_arch C:/CS401/SIMPLE_VGA_SDRAM_V2/VGA_TO_SDRAM_INTERFACE/vga.vhd sub00/vhpl10 1394093592
PB common common C:/CS401/SIMPLE_VGA_SDRAM_V2/VGA_TO_SDRAM_INTERFACE/common.vhd sub00/vhpl01 1394093583
PH vga_pckg NULL C:/CS401/SIMPLE_VGA_SDRAM_V2/VGA_TO_SDRAM_INTERFACE/vga.vhd sub00/vhpl08 1394093590
AR test_vga arch C:/CS401/SIMPLE_VGA_SDRAM_V2/VGA_TO_SDRAM_INTERFACE/vga_sdram_interface.vhd sub00/vhpl12 1394093594
AR sdramcntl arch C:/CS401/SIMPLE_VGA_SDRAM_V2/VGA_TO_SDRAM_INTERFACE/sdramcntl.vhd sub00/vhpl04 1394093586
EN test_vga NULL C:/CS401/SIMPLE_VGA_SDRAM_V2/VGA_TO_SDRAM_INTERFACE/vga_sdram_interface.vhd sub00/vhpl11 1394093593
EN vga NULL C:/CS401/SIMPLE_VGA_SDRAM_V2/VGA_TO_SDRAM_INTERFACE/vga.vhd sub00/vhpl09 1394093591
PH common NULL C:/CS401/SIMPLE_VGA_SDRAM_V2/VGA_TO_SDRAM_INTERFACE/common.vhd sub00/vhpl00 1394093582
EN sdramcntl NULL C:/CS401/SIMPLE_VGA_SDRAM_V2/VGA_TO_SDRAM_INTERFACE/sdramcntl.vhd sub00/vhpl03 1394093585
AR xsasdramcntl arch C:/CS401/SIMPLE_VGA_SDRAM_V2/VGA_TO_SDRAM_INTERFACE/xsasdramcntl.vhd sub00/vhpl07 1394093589
PH xsasdram NULL C:/CS401/SIMPLE_VGA_SDRAM_V2/VGA_TO_SDRAM_INTERFACE/xsasdramcntl.vhd sub00/vhpl05 1394093587
EN xsasdramcntl NULL C:/CS401/SIMPLE_VGA_SDRAM_V2/VGA_TO_SDRAM_INTERFACE/xsasdramcntl.vhd sub00/vhpl06 1394093588
