V3 28
FL C:/CS401/SIMPLE_VGA_SDRAM_V2/VGA_TO_SDRAM_INTERFACE/common.vhd 2014/03/05.19:27:55 P.68d
PH work/common 1394093582 \
      FL C:/CS401/SIMPLE_VGA_SDRAM_V2/VGA_TO_SDRAM_INTERFACE/common.vhd \
      PB ieee/std_logic_1164 1370735607 PB ieee/NUMERIC_STD 1370735611
PB work/common 1394093583 \
      FL C:/CS401/SIMPLE_VGA_SDRAM_V2/VGA_TO_SDRAM_INTERFACE/common.vhd \
      PH work/common 1394093582 PB ieee/std_logic_1164 1370735607 \
      PB ieee/NUMERIC_STD 1370735611
FL C:/CS401/SIMPLE_VGA_SDRAM_V2/VGA_TO_SDRAM_INTERFACE/sdramcntl.vhd 2014/02/26.12:23:34 P.68d
PH work/sdram 1394093584 \
      FL C:/CS401/SIMPLE_VGA_SDRAM_V2/VGA_TO_SDRAM_INTERFACE/sdramcntl.vhd \
      LB unisim PB ieee/std_logic_1164 1370735607 PB ieee/NUMERIC_STD 1370735611 \
      PB work/common 1394093583 CD sdramCntl
EN work/sdramCntl 1394093585 \
      FL C:/CS401/SIMPLE_VGA_SDRAM_V2/VGA_TO_SDRAM_INTERFACE/sdramcntl.vhd \
      LB unisim PB ieee/std_logic_1164 1370735607 PB ieee/NUMERIC_STD 1370735611 \
      PB work/common 1394093583
AR work/sdramCntl/arch 1394093586 \
      FL C:/CS401/SIMPLE_VGA_SDRAM_V2/VGA_TO_SDRAM_INTERFACE/sdramcntl.vhd \
      EN work/sdramCntl 1394093585
FL C:/CS401/SIMPLE_VGA_SDRAM_V2/VGA_TO_SDRAM_INTERFACE/vga.vhd 2014/03/06.00:12:58 P.68d
PH work/vga_pckg 1394093590 \
      FL C:/CS401/SIMPLE_VGA_SDRAM_V2/VGA_TO_SDRAM_INTERFACE/vga.vhd LB unisim \
      PB ieee/std_logic_1164 1370735607 PB ieee/NUMERIC_STD 1370735611 \
      PH unisim/VCOMPONENTS 1370735613 PB work/common 1394093583 CD vga
EN work/vga 1394093591 \
      FL C:/CS401/SIMPLE_VGA_SDRAM_V2/VGA_TO_SDRAM_INTERFACE/vga.vhd LB unisim \
      PB ieee/std_logic_1164 1370735607 PB ieee/NUMERIC_STD 1370735611 \
      PH unisim/VCOMPONENTS 1370735613 PB work/common 1394093583
AR work/vga/vga_arch 1394093592 \
      FL C:/CS401/SIMPLE_VGA_SDRAM_V2/VGA_TO_SDRAM_INTERFACE/vga.vhd EN work/vga 1394093591
FL C:/CS401/SIMPLE_VGA_SDRAM_V2/VGA_TO_SDRAM_INTERFACE/vga_sdram_interface.vhd 2014/03/06.00:06:55 P.68d
EN work/test_vga 1394093593 \
      FL C:/CS401/SIMPLE_VGA_SDRAM_V2/VGA_TO_SDRAM_INTERFACE/vga_sdram_interface.vhd \
      LB unisim PB ieee/std_logic_1164 1370735607 PB ieee/NUMERIC_STD 1370735611 \
      PH unisim/VCOMPONENTS 1370735613 PH work/vga_pckg 1394093590 \
      PH work/XSASDRAM 1394093587 PB work/common 1394093583
AR work/test_vga/arch 1394093594 \
      FL C:/CS401/SIMPLE_VGA_SDRAM_V2/VGA_TO_SDRAM_INTERFACE/vga_sdram_interface.vhd \
      EN work/test_vga 1394093593 CP XSASDRAMCntl CP vga
FL C:/CS401/SIMPLE_VGA_SDRAM_V2/VGA_TO_SDRAM_INTERFACE/xsasdramcntl.vhd 2014/02/26.16:09:52 P.68d
PH work/XSASDRAM 1394093587 \
      FL C:/CS401/SIMPLE_VGA_SDRAM_V2/VGA_TO_SDRAM_INTERFACE/xsasdramcntl.vhd \
      LB unisim PB ieee/std_logic_1164 1370735607 PB ieee/NUMERIC_STD 1370735611 \
      PH unisim/VCOMPONENTS 1370735613 PB work/common 1394093583 PH work/sdram 1394093584 \
      CD XSASDRAMCntl
EN work/XSASDRAMCntl 1394093588 \
      FL C:/CS401/SIMPLE_VGA_SDRAM_V2/VGA_TO_SDRAM_INTERFACE/xsasdramcntl.vhd \
      LB unisim PB ieee/std_logic_1164 1370735607 PB ieee/NUMERIC_STD 1370735611 \
      PH unisim/VCOMPONENTS 1370735613 PB work/common 1394093583 PH work/sdram 1394093584
AR work/XSASDRAMCntl/arch 1394093589 \
      FL C:/CS401/SIMPLE_VGA_SDRAM_V2/VGA_TO_SDRAM_INTERFACE/xsasdramcntl.vhd \
      EN work/XSASDRAMCntl 1394093588 CP IBUFG CP CLKDLL CP BUFG CP sdramCntl
